Archive member included to satisfy reference by file (symbol)

/usr/lib/gcc/arm-none-eabi/13.2.1/../../../arm-none-eabi/lib/thumb/v8-m.main+fp/softfp/libm.a(libm_a-wf_sqrt.o)
                              CMakeFiles/GardenGuard.dir/__/_deps/pico_sdk-src/src/rp2_common/pico_float/float_math.c.o (sqrtf)
/usr/lib/gcc/arm-none-eabi/13.2.1/../../../arm-none-eabi/lib/thumb/v8-m.main+fp/softfp/libm.a(libm_a-ef_sqrt.o)
                              /usr/lib/gcc/arm-none-eabi/13.2.1/../../../arm-none-eabi/lib/thumb/v8-m.main+fp/softfp/libm.a(libm_a-wf_sqrt.o) (__ieee754_sqrtf)
/usr/lib/gcc/arm-none-eabi/13.2.1/thumb/v8-m.main+fp/softfp/libgcc.a(_arm_addsubdf3.o)
                              CMakeFiles/GardenGuard.dir/__/_deps/pico_sdk-src/src/rp2_common/pico_float/float_math.c.o (__aeabi_f2d)
/usr/lib/gcc/arm-none-eabi/13.2.1/thumb/v8-m.main+fp/softfp/libgcc.a(_aeabi_ldivmod.o)
                              CMakeFiles/GardenGuard.dir/__/_deps/pico_sdk-src/src/common/pico_time/time.c.o (__aeabi_ldivmod)
/usr/lib/gcc/arm-none-eabi/13.2.1/thumb/v8-m.main+fp/softfp/libgcc.a(_aeabi_uldivmod.o)
                              CMakeFiles/GardenGuard.dir/sleep_manager.cpp.o (__aeabi_uldivmod)
/usr/lib/gcc/arm-none-eabi/13.2.1/thumb/v8-m.main+fp/softfp/libgcc.a(_udivmoddi4.o)
                              /usr/lib/gcc/arm-none-eabi/13.2.1/thumb/v8-m.main+fp/softfp/libgcc.a(_aeabi_ldivmod.o) (__udivmoddi4)
/usr/lib/gcc/arm-none-eabi/13.2.1/thumb/v8-m.main+fp/softfp/libgcc.a(unwind-arm.o)
                              CMakeFiles/GardenGuard.dir/main_pico2.cpp.o (__aeabi_unwind_cpp_pr0)
/usr/lib/gcc/arm-none-eabi/13.2.1/thumb/v8-m.main+fp/softfp/libgcc.a(libunwind.o)
                              /usr/lib/gcc/arm-none-eabi/13.2.1/thumb/v8-m.main+fp/softfp/libgcc.a(unwind-arm.o) (restore_core_regs)
/usr/lib/gcc/arm-none-eabi/13.2.1/thumb/v8-m.main+fp/softfp/libgcc.a(pr-support.o)
                              /usr/lib/gcc/arm-none-eabi/13.2.1/thumb/v8-m.main+fp/softfp/libgcc.a(unwind-arm.o) (__gnu_unwind_execute)
/usr/lib/gcc/arm-none-eabi/13.2.1/thumb/v8-m.main+fp/softfp/libgcc.a(_dvmd_tls.o)
                              /usr/lib/gcc/arm-none-eabi/13.2.1/thumb/v8-m.main+fp/softfp/libgcc.a(_aeabi_ldivmod.o) (__aeabi_ldiv0)
/usr/lib/gcc/arm-none-eabi/13.2.1/../../../arm-none-eabi/lib/thumb/v8-m.main+fp/softfp/libg.a(libc_a-sysgettod.o)
                              CMakeFiles/GardenGuard.dir/__/_deps/pico_sdk-src/src/rp2_common/pico_aon_timer/aon_timer.c.o (gettimeofday)
/usr/lib/gcc/arm-none-eabi/13.2.1/../../../arm-none-eabi/lib/thumb/v8-m.main+fp/softfp/libg.a(libc_a-memset.o)
                              /usr/lib/gcc/arm-none-eabi/13.2.1/../../../arm-none-eabi/lib/thumb/v8-m.main+fp/softfp/crt0.o (memset)
/usr/lib/gcc/arm-none-eabi/13.2.1/../../../arm-none-eabi/lib/thumb/v8-m.main+fp/softfp/libg.a(libc_a-strncmp.o)
                              CMakeFiles/GardenGuard.dir/__/_deps/pico_sdk-src/lib/lwip/src/core/def.c.o (strncmp)
/usr/lib/gcc/arm-none-eabi/13.2.1/../../../arm-none-eabi/lib/thumb/v8-m.main+fp/softfp/libg.a(libc_a-memmove.o)
                              CMakeFiles/GardenGuard.dir/__/_deps/pico_sdk-src/lib/lwip/src/core/def.c.o (memmove)
/usr/lib/gcc/arm-none-eabi/13.2.1/../../../arm-none-eabi/lib/thumb/v8-m.main+fp/softfp/libg.a(libc_a-calloc.o)
                              CMakeFiles/GardenGuard.dir/__/_deps/pico_sdk-src/src/rp2_common/pico_malloc/malloc.c.o (calloc)
/usr/lib/gcc/arm-none-eabi/13.2.1/../../../arm-none-eabi/lib/thumb/v8-m.main+fp/softfp/libg.a(libc_a-errno.o)
                              /usr/lib/gcc/arm-none-eabi/13.2.1/../../../arm-none-eabi/lib/thumb/v8-m.main+fp/softfp/libm.a(libm_a-wf_sqrt.o) (__errno)
/usr/lib/gcc/arm-none-eabi/13.2.1/../../../arm-none-eabi/lib/thumb/v8-m.main+fp/softfp/libg.a(libc_a-impure.o)
                              /usr/lib/gcc/arm-none-eabi/13.2.1/../../../arm-none-eabi/lib/thumb/v8-m.main+fp/softfp/libg.a(libc_a-sysgettod.o) (_impure_ptr)
/usr/lib/gcc/arm-none-eabi/13.2.1/../../../arm-none-eabi/lib/thumb/v8-m.main+fp/softfp/libg.a(libc_a-abort.o)
                              /usr/lib/gcc/arm-none-eabi/13.2.1/thumb/v8-m.main+fp/softfp/libgcc.a(pr-support.o) (abort)
/usr/lib/gcc/arm-none-eabi/13.2.1/../../../arm-none-eabi/lib/thumb/v8-m.main+fp/softfp/libg.a(libc_a-callocr.o)
                              /usr/lib/gcc/arm-none-eabi/13.2.1/../../../arm-none-eabi/lib/thumb/v8-m.main+fp/softfp/libg.a(libc_a-calloc.o) (_calloc_r)
/usr/lib/gcc/arm-none-eabi/13.2.1/../../../arm-none-eabi/lib/thumb/v8-m.main+fp/softfp/libg.a(libc_a-realloc.o)
                              CMakeFiles/GardenGuard.dir/__/_deps/pico_sdk-src/src/rp2_common/pico_malloc/malloc.c.o (realloc)
/usr/lib/gcc/arm-none-eabi/13.2.1/../../../arm-none-eabi/lib/thumb/v8-m.main+fp/softfp/libg.a(libc_a-gettimeofdayr.o)
                              /usr/lib/gcc/arm-none-eabi/13.2.1/../../../arm-none-eabi/lib/thumb/v8-m.main+fp/softfp/libg.a(libc_a-sysgettod.o) (_gettimeofday_r)
[...]
Memory Configuration

Name             Origin             Length             Attributes
FLASH            0x10000000         0x00400000         xr
RAM              0x20000000         0x00080000         xrw
SCRATCH_X        0x20080000         0x00001000         xrw
SCRATCH_Y        0x20081000         0x00001000         xrw
*default*        0x00000000         0xffffffff

Linker script and memory map

LOAD /usr/lib/gcc/arm-none-eabi/13.2.1/thumb/v8-m.main+fp/softfp/crti.o
LOAD /usr/lib/gcc/arm-none-eabi/13.2.1/thumb/v8-m.main+fp/softfp/crtbegin.o
LOAD /usr/lib/gcc/arm-none-eabi/13.2.1/../../../arm-none-eabi/lib/thumb/v8-m.main+fp/softfp/crt0.o

.flash_begin    0x10000000        0x0
                0x10000000                        __flash_binary_start = .

.text           0x10000000    0x17874
                0x10000000                        __logical_binary_start = .
 *(.vectors)
 .vectors       0x10000000      0x124 CMakeFiles/GardenGuard.dir/__/_deps/pico_sdk-src/src/rp2_common/pico_crt0/crt0.S.o
                0x10000000                __vectors
                0x10000000                __VECTOR_TABLE
                0x10000110                isr_securefault
                0x10000110                isr_irq30
                0x10000110                __unhandled_user_irq
                0x10000110                isr_irq49
                0x10000110                isr_irq13
                0x10000110                isr_irq43
                0x10000110                isr_irq45
                0x10000110                isr_irq27
                0x10000110                isr_irq32
                0x10000110                isr_irq31
                0x10000110                isr_irq5
                0x10000110                isr_irq11
                0x10000110                isr_irq23
                0x10000110                isr_usagefault
                0x10000110                isr_irq48
                0x10000110                isr_irq35
                0x10000110                isr_irq18
                0x10000110                isr_irq50
                0x10000110                isr_irq40
                0x10000110                isr_irq28
                0x10000110                isr_irq19
                0x10000110                isr_irq36
                0x10000110                isr_irq41
                0x10000110                isr_irq0
                0x10000110                isr_irq6
                0x10000110                isr_memmanage
                0x10000110                isr_irq37
                0x10000110                isr_irq42
                0x10000110                isr_irq22
                0x10000110                isr_irq17
                0x10000110                isr_irq38
                0x10000110                isr_irq14
                0x10000110                __vectors_end
                0x10000110                __default_isrs_start
                0x10000110                isr_irq2
                0x10000110                isr_irq10
                0x10000110                isr_irq8
                0x10000110                isr_debugmonitor
                0x10000110                isr_irq24
                0x10000110                isr_irq46
                0x10000110                isr_irq1
                0x10000110                isr_irq47
                0x10000110                isr_irq51
                0x10000110                isr_irq7
                0x10000110                isr_irq21
                0x10000110                isr_irq39
                0x10000110                isr_irq20
                0x10000110                isr_irq15
                0x10000110                isr_irq25
                0x10000110                isr_irq34
                0x10000110                isr_irq4
                0x10000110                isr_busfault
                0x10000110                isr_irq16
                0x10000110                isr_irq44
                0x10000110                isr_irq29
                0x10000110                isr_irq26
                0x10000110                isr_irq33
                0x10000110                isr_irq3
                0x10000110                isr_irq12
                0x10000110                isr_irq9
                0x10000116                unhandled_user_irq_num_in_r0
                0x10000118                isr_invalid
                0x1000011a                isr_nmi
                0x1000011c                isr_hardfault
                0x1000011e                isr_svcall
                0x10000120                isr_pendsv
                0x10000122                isr_systick
                0x10000124                __default_isrs_end
 *(.binary_info_header)
 .binary_info_header
                0x10000124       0x14 CMakeFiles/GardenGuard.dir/__/_deps/pico_sdk-src/src/rp2_common/pico_crt0/crt0.S.o
                0x10000138                        __binary_info_header_end = .
 *(.embedded_block)
 .embedded_block
                0x10000138       0x14 CMakeFiles/GardenGuard.dir/__/_deps/pico_sdk-src/src/rp2_common/pico_crt0/crt0.S.o
                0x1000014c                        __embedded_block_end = .
 *(.reset)
 .reset         0x1000014c       0x98 CMakeFiles/GardenGuard.dir/__/_deps/pico_sdk-src/src/rp2_common/pico_crt0/crt0.S.o
                0x1000014c                _entry_point
 *(.init)
 .init          0x100001e4        0x4 /usr/lib/gcc/arm-none-eabi/13.2.1/thumb/v8-m.main+fp/softfp/crti.o
                0x100001e4                _init
 *libgcc.a:cmse_nonsecure_call.o()
 *(EXCLUDE_FILE(*libm.a: *libc.a:*lib_a-mem*.o *libgcc.a:) .text*)
 .text          0x100001e8       0x8c /usr/lib/gcc/arm-none-eabi/13.2.1/thumb/v8-m.main+fp/softfp/crtbegin.o
 .text.startup.main
                0x10000274      0x23c CMakeFiles/GardenGuard.dir/main_pico2.cpp.o
                0x10000274                main
 .text._ZL11on_aon_wakev
                0x100004b0        0x4 CMakeFiles/GardenGuard.dir/sleep_manager.cpp.o
 *fill*         0x100004b4        0x4 
 .text._Z10deep_sleepm
                0x100004b8       0xc0 CMakeFiles/GardenGuard.dir/sleep_manager.cpp.o
                0x100004b8                deep_sleep(unsigned long)
 .text._ZL18on_mqtt_connectionP13mqtt_client_sPv24mqtt_connection_status_t
                0x10000578       0x10 CMakeFiles/GardenGuard.dir/__/libs/mqtt/mqtt.cpp.o
 .text._ZL15on_mqtt_publishPva
                0x10000588       0x1c CMakeFiles/GardenGuard.dir/__/libs/mqtt/mqtt.cpp.o
 .text._Z12mqtt_connectP13mqtt_client_sPKc
                0x100005a4       0xe0 CMakeFiles/GardenGuard.dir/__/libs/mqtt/mqtt.cpp.o
                0x100005a4                mqtt_connect(mqtt_client_s*, char const*)
 .text._Z21mqtt_publish_moistureP13mqtt_client_sPKciS2_
                0x10000684       0xe8 CMakeFiles/GardenGuard.dir/__/libs/mqtt/mqtt.cpp.o
                0x10000684                mqtt_publish_moisture(mqtt_client_s*, char const*, int, char const*)
 .text.setup_default_uart
                0x1000076c       0x2c CMakeFiles/GardenGuard.dir/__/_deps/pico_sdk-src/src/rp2_common/pico_stdlib/stdlib.c.o
                0x1000076c                setup_default_uart
 .text.gpio_set_function
                0x10000798       0x3c CMakeFiles/GardenGuard.dir/__/_deps/pico_sdk-src/src/rp2_common/hardware_gpio/gpio.c.o
                0x10000798                gpio_set_function
 .text.gpio_set_pulls
                0x100007d4       0x28 CMakeFiles/GardenGuard.dir/__/_deps/pico_sdk-src/src/rp2_common/hardware_gpio/gpio.c.o
                0x100007d4                gpio_set_pulls
 .text.gpio_set_input_hysteresis_enabled
                0x100007fc       0x20 CMakeFiles/GardenGuard.dir/__/_deps/pico_sdk-src/src/rp2_common/hardware_gpio/gpio.c.o
                0x100007fc                gpio_set_input_hysteresis_enabled
 .text.gpio_set_irq_enabled
                0x1000081c       0x50 CMakeFiles/GardenGuard.dir/__/_deps/pico_sdk-src/src/rp2_common/hardware_gpio/gpio.c.o
                0x1000081c                gpio_set_irq_enabled
 .text.gpio_add_raw_irq_handler_with_order_priority_masked
                0x1000086c       0x44 CMakeFiles/GardenGuard.dir/__/_deps/pico_sdk-src/src/rp2_common/hardware_gpio/gpio.c.o
                0x1000086c                gpio_add_raw_irq_handler_with_order_priority_masked
 .text.gpio_remove_raw_irq_handler_masked
                0x100008b0       0x24 CMakeFiles/GardenGuard.dir/__/_deps/pico_sdk-src/src/rp2_common/hardware_gpio/gpio.c.o
                0x100008b0                gpio_remove_raw_irq_handler_masked
 .text.gpio_set_input_enabled
                0x100008d4       0x20 CMakeFiles/GardenGuard.dir/__/_deps/pico_sdk-src/src/rp2_common/hardware_gpio/gpio.c.o
                0x100008d4                gpio_set_input_enabled
 .text.gpio_init
                0x100008f4       0x48 CMakeFiles/GardenGuard.dir/__/_deps/pico_sdk-src/src/rp2_common/hardware_gpio/gpio.c.o
                0x100008f4                gpio_init
 .text.panic    0x1000093c       0x30 CMakeFiles/GardenGuard.dir/__/_deps/pico_sdk-src/src/rp2_common/pico_platform_panic/panic.c.o
                0x1000093c                panic
 .text.hw_claim_lock
                0x1000096c       0x24 CMakeFiles/GardenGuard.dir/__/_deps/pico_sdk-src/src/common/hardware_claim/claim.c.o
                0x1000096c                hw_claim_lock
 .text.hw_claim_unlock
                0x10000990       0x14 CMakeFiles/GardenGuard.dir/__/_deps/pico_sdk-src/src/common/hardware_claim/claim.c.o
                0x10000990                hw_claim_unlock
 .text.hw_claim_or_assert
                0x100009a4       0x58 CMakeFiles/GardenGuard.dir/__/_deps/pico_sdk-src/src/common/hardware_claim/claim.c.o
                0x100009a4                hw_claim_or_assert
 .text.hw_claim_unused_from_range
                0x100009fc       0x9c CMakeFiles/GardenGuard.dir/__/_deps/pico_sdk-src/src/common/hardware_claim/claim.c.o
                0x100009fc                hw_claim_unused_from_range
 .text.hw_claim_clear
                0x10000a98       0x50 CMakeFiles/GardenGuard.dir/__/_deps/pico_sdk-src/src/common/hardware_claim/claim.c.o
                0x10000a98                hw_claim_clear
 .text.next_striped_spin_lock_num
                0x10000ae8       0x18 CMakeFiles/GardenGuard.dir/__/_deps/pico_sdk-src/src/rp2_common/hardware_sync/sync.c.o
                0x10000ae8                next_striped_spin_lock_num
 .text.spin_lock_claim_unused
                0x10000b00       0x20 CMakeFiles/GardenGuard.dir/__/_deps/pico_sdk-src/src/rp2_common/hardware_sync/sync.c.o
                0x10000b00                spin_lock_claim_unused
 .text.spinlock_set_extexclall
                0x10000b20       0x10 CMakeFiles/GardenGuard.dir/__/_deps/pico_sdk-src/src/rp2_common/hardware_sync_spin_lock/sync_spin_lock.c.o
 .text.spin_locks_reset
                0x10000b30       0x18 CMakeFiles/GardenGuard.dir/__/_deps/pico_sdk-src/src/rp2_common/hardware_sync_spin_lock/sync_spin_lock.c.o
                0x10000b30                spin_locks_reset
 .text.runtime_init_per_core_irq_priorities
                0x10000b48       0x40 CMakeFiles/GardenGuard.dir/__/_deps/pico_sdk-src/src/rp2_common/hardware_irq/irq.c.o
                0x10000b48                runtime_init_per_core_irq_priorities
 .text.irq_set_enabled
                0x10000b88       0x2c CMakeFiles/GardenGuard.dir/__/_deps/pico_sdk-src/src/rp2_common/hardware_irq/irq.c.o
                0x10000b88                irq_set_enabled
 .text.irq_is_enabled
                0x10000bb4       0x20 CMakeFiles/GardenGuard.dir/__/_deps/pico_sdk-src/src/rp2_common/hardware_irq/irq.c.o
                0x10000bb4                irq_is_enabled
 .text.irq_set_pending
                0x10000bd4       0x18 CMakeFiles/GardenGuard.dir/__/_deps/pico_sdk-src/src/rp2_common/hardware_irq/irq.c.o
                0x10000bd4                irq_set_pending
 .text.irq_has_shared_handler
                0x10000bec       0x20 CMakeFiles/GardenGuard.dir/__/_deps/pico_sdk-src/src/rp2_common/hardware_irq/irq.c.o
                0x10000bec                irq_has_shared_handler
 .text.irq_set_exclusive_handler
                0x10000c0c       0x60 CMakeFiles/GardenGuard.dir/__/_deps/pico_sdk-src/src/rp2_common/hardware_irq/irq.c.o
                0x10000c0c                irq_set_exclusive_handler
 .text.irq_add_shared_handler
                0x10000c6c      0x1e8 CMakeFiles/GardenGuard.dir/__/_deps/pico_sdk-src/src/rp2_common/hardware_irq/irq.c.o
                0x10000c6c                irq_add_shared_handler
 .text.irq_remove_handler
                0x10000e54      0x1fc CMakeFiles/GardenGuard.dir/__/_deps/pico_sdk-src/src/rp2_common/hardware_irq/irq.c.o
                0x10000e54                irq_remove_handler
 .text.irq_add_tail_to_free_list
                0x10001050       0xbc CMakeFiles/GardenGuard.dir/__/_deps/pico_sdk-src/src/rp2_common/hardware_irq/irq.c.o
                0x10001050                irq_add_tail_to_free_list
 .text.user_irq_claim_unused
                0x1000110c       0x28 CMakeFiles/GardenGuard.dir/__/_deps/pico_sdk-src/src/rp2_common/hardware_irq/irq.c.o
                0x1000110c                user_irq_claim_unused
 .text.sem_init
                0x10001134       0x20 CMakeFiles/GardenGuard.dir/__/_deps/pico_sdk-src/src/common/pico_sync/sem.c.o
                0x10001134                sem_init
 .text.lock_init
                0x10001154        0xc CMakeFiles/GardenGuard.dir/__/_deps/pico_sdk-src/src/common/pico_sync/lock_core.c.o
                0x10001154                lock_init
 .text.runtime_init_mutex
                0x10001160       0x4c CMakeFiles/GardenGuard.dir/__/_deps/pico_sdk-src/src/common/pico_sync/mutex.c.o
                0x10001160                runtime_init_mutex
 .text.mutex_init
                0x100011ac       0x1c CMakeFiles/GardenGuard.dir/__/_deps/pico_sdk-src/src/common/pico_sync/mutex.c.o
                0x100011ac                mutex_init
 .text.critical_section_init
                0x100011c8       0x1c CMakeFiles/GardenGuard.dir/__/_deps/pico_sdk-src/src/common/pico_sync/critical_section.c.o
                0x100011c8                critical_section_init
 .text.critical_section_init_with_lock_num
                0x100011e4       0x10 CMakeFiles/GardenGuard.dir/__/_deps/pico_sdk-src/src/common/pico_sync/critical_section.c.o
                0x100011e4                critical_section_init_with_lock_num
 .text.sleep_until_callback
                0x100011f4       0x3c CMakeFiles/GardenGuard.dir/__/_deps/pico_sdk-src/src/common/pico_time/time.c.o
 .text.alarm_pool_irq_handler
                0x10001230      0x2f0 CMakeFiles/GardenGuard.dir/__/_deps/pico_sdk-src/src/common/pico_time/time.c.o
 .text.runtime_init_default_alarm_pool
                0x10001520      0x100 CMakeFiles/GardenGuard.dir/__/_deps/pico_sdk-src/src/common/pico_time/time.c.o
                0x10001520                runtime_init_default_alarm_pool
 .text.alarm_pool_get_default
                0x10001620        0x8 CMakeFiles/GardenGuard.dir/__/_deps/pico_sdk-src/src/common/pico_time/time.c.o
                0x10001620                alarm_pool_get_default
 .text.alarm_pool_add_alarm_at
                0x10001628       0xdc CMakeFiles/GardenGuard.dir/__/_deps/pico_sdk-src/src/common/pico_time/time.c.o
                0x10001628                alarm_pool_add_alarm_at
 .text.alarm_pool_add_alarm_at_force_in_context
                0x10001704       0xc8 CMakeFiles/GardenGuard.dir/__/_deps/pico_sdk-src/src/common/pico_time/time.c.o
                0x10001704                alarm_pool_add_alarm_at_force_in_context
 .text.alarm_pool_cancel_alarm
                0x100017cc       0x80 CMakeFiles/GardenGuard.dir/__/_deps/pico_sdk-src/src/common/pico_time/time.c.o
                0x100017cc                alarm_pool_cancel_alarm
 .text.alarm_pool_core_num
                0x1000184c        0x4 CMakeFiles/GardenGuard.dir/__/_deps/pico_sdk-src/src/common/pico_time/time.c.o
                0x1000184c                alarm_pool_core_num
 .text.sleep_until
                0x10001850       0xbc CMakeFiles/GardenGuard.dir/__/_deps/pico_sdk-src/src/common/pico_time/time.c.o
                0x10001850                sleep_until
 .text.sleep_ms
                0x1000190c       0x2c CMakeFiles/GardenGuard.dir/__/_deps/pico_sdk-src/src/common/pico_time/time.c.o
                0x1000190c                sleep_ms
 .text.best_effort_wfe_or_timeout
                0x10001938       0xbc CMakeFiles/GardenGuard.dir/__/_deps/pico_sdk-src/src/common/pico_time/time.c.o
                0x10001938                best_effort_wfe_or_timeout
 .text.timer_hardware_alarm_claim
                0x100019f4       0x24 CMakeFiles/GardenGuard.dir/__/_deps/pico_sdk-src/src/rp2_common/hardware_timer/timer.c.o
                0x100019f4                timer_hardware_alarm_claim
 .text.timer_time_us_64
                0x10001a18       0x10 CMakeFiles/GardenGuard.dir/__/_deps/pico_sdk-src/src/rp2_common/hardware_timer/timer.c.o
                0x10001a18                timer_time_us_64
 .text.time_us_64
                0x10001a28       0x14 CMakeFiles/GardenGuard.dir/__/_deps/pico_sdk-src/src/rp2_common/hardware_timer/timer.c.o
                0x10001a28                time_us_64
 .text.busy_wait_us
                0x10001a3c       0x64 CMakeFiles/GardenGuard.dir/__/_deps/pico_sdk-src/src/rp2_common/hardware_timer/timer.c.o
                0x10001a3c                busy_wait_us
 .text.busy_wait_until
                0x10001aa0       0x24 CMakeFiles/GardenGuard.dir/__/_deps/pico_sdk-src/src/rp2_common/hardware_timer/timer.c.o
                0x10001aa0                busy_wait_until
 .text.timespec_to_ms
                0x10001ac4       0x48 CMakeFiles/GardenGuard.dir/__/_deps/pico_sdk-src/src/common/pico_util/datetime.c.o
                0x10001ac4                timespec_to_ms
 .text.ms_to_timespec
                0x10001b0c       0x20 CMakeFiles/GardenGuard.dir/__/_deps/pico_sdk-src/src/common/pico_util/datetime.c.o
                0x10001b0c                ms_to_timespec
 .text.uart_init
                0x10001b2c      0x104 CMakeFiles/GardenGuard.dir/__/_deps/pico_sdk-src/src/rp2_common/hardware_uart/uart.c.o
                0x10001b2c                uart_init
 .text.clock_stop
                0x10001c30       0x28 CMakeFiles/GardenGuard.dir/__/_deps/pico_sdk-src/src/rp2_common/hardware_clocks/clocks.c.o
                0x10001c30                clock_stop
 .text.clock_configure
                0x10001c58       0xf0 CMakeFiles/GardenGuard.dir/__/_deps/pico_sdk-src/src/rp2_common/hardware_clocks/clocks.c.o
                0x10001c58                clock_configure
 .text.clock_configure_undivided
                0x10001d48       0xd0 CMakeFiles/GardenGuard.dir/__/_deps/pico_sdk-src/src/rp2_common/hardware_clocks/clocks.c.o
                0x10001d48                clock_configure_undivided
 .text.clock_get_hz
                0x10001e18        0xc CMakeFiles/GardenGuard.dir/__/_deps/pico_sdk-src/src/rp2_common/hardware_clocks/clocks.c.o
                0x10001e18                clock_get_hz
 .text.pll_init
                0x10001e24       0x8c CMakeFiles/GardenGuard.dir/__/_deps/pico_sdk-src/src/rp2_common/hardware_pll/pll.c.o
                0x10001e24                pll_init
 .text.pll_deinit
                0x10001eb0        0x8 CMakeFiles/GardenGuard.dir/__/_deps/pico_sdk-src/src/rp2_common/hardware_pll/pll.c.o
                0x10001eb0                pll_deinit
 .text.watchdog_update
                0x10001eb8       0x14 CMakeFiles/GardenGuard.dir/__/_deps/pico_sdk-src/src/rp2_common/hardware_watchdog/watchdog.c.o
                0x10001eb8                watchdog_update
 .text.watchdog_enable
                0x10001ecc       0x7c CMakeFiles/GardenGuard.dir/__/_deps/pico_sdk-src/src/rp2_common/hardware_watchdog/watchdog.c.o
                0x10001ecc                watchdog_enable
 .text.watchdog_reboot
                0x10001f48       0x98 CMakeFiles/GardenGuard.dir/__/_deps/pico_sdk-src/src/rp2_common/hardware_watchdog/watchdog.c.o
                0x10001f48                watchdog_reboot
 .text.tick_start
                0x10001fe0       0x18 CMakeFiles/GardenGuard.dir/__/_deps/pico_sdk-src/src/rp2_common/hardware_ticks/ticks.c.o
                0x10001fe0                tick_start
 .text.rom_reboot.constprop.0.isra.0
                0x10001ff8       0x34 CMakeFiles/GardenGuard.dir/__/_deps/pico_sdk-src/src/rp2_common/pico_bootrom/bootrom.c.o
 .text.rom_func_lookup
                0x1000202c       0x18 CMakeFiles/GardenGuard.dir/__/_deps/pico_sdk-src/src/rp2_common/pico_bootrom/bootrom.c.o
                0x1000202c                rom_func_lookup
 .text.rom_reset_usb_boot_extra
                0x10002044       0x1c CMakeFiles/GardenGuard.dir/__/_deps/pico_sdk-src/src/rp2_common/pico_bootrom/bootrom.c.o
                0x10002044                rom_reset_usb_boot_extra
 .text.rom_get_boot_random
                0x10002060       0x48 CMakeFiles/GardenGuard.dir/__/_deps/pico_sdk-src/src/rp2_common/pico_bootrom/bootrom.c.o
                0x10002060                rom_get_boot_random
 .text.runtime_init_bootrom_locking_enable
                0x100020a8       0x14 CMakeFiles/GardenGuard.dir/__/_deps/pico_sdk-src/src/rp2_common/pico_bootrom/bootrom_lock.c.o
                0x100020a8                runtime_init_bootrom_locking_enable
 .text.runtime_init_boot_locks_reset
                0x100020bc       0x1c CMakeFiles/GardenGuard.dir/__/_deps/pico_sdk-src/src/rp2_common/hardware_boot_lock/boot_lock.c.o
                0x100020bc                runtime_init_boot_locks_reset
 .text.xosc_init
                0x100020d8       0x30 CMakeFiles/GardenGuard.dir/__/_deps/pico_sdk-src/src/rp2_common/hardware_xosc/xosc.c.o
                0x100020d8                xosc_init
 .text.xosc_disable
                0x10002108       0x20 CMakeFiles/GardenGuard.dir/__/_deps/pico_sdk-src/src/rp2_common/hardware_xosc/xosc.c.o
                0x10002108                xosc_disable
 .text.xosc_dormant
                0x10002128       0x18 CMakeFiles/GardenGuard.dir/__/_deps/pico_sdk-src/src/rp2_common/hardware_xosc/xosc.c.o
                0x10002128                xosc_dormant
 .text.first_per_core_initializer
                0x10002140        0x4 CMakeFiles/GardenGuard.dir/__/_deps/pico_sdk-src/src/rp2_common/pico_runtime/runtime.c.o
 .text.hard_assertion_failure
                0x10002144        0xc CMakeFiles/GardenGuard.dir/__/_deps/pico_sdk-src/src/rp2_common/pico_runtime/runtime.c.o
                0x10002144                hard_assertion_failure
 .text.runtime_run_initializers
                0x10002150       0x20 CMakeFiles/GardenGuard.dir/__/_deps/pico_sdk-src/src/rp2_common/pico_runtime/runtime.c.o
                0x10002150                runtime_run_initializers
 .text.runtime_init_early_resets
                0x10002170       0x34 CMakeFiles/GardenGuard.dir/__/_deps/pico_sdk-src/src/rp2_common/pico_runtime_init/runtime_init.c.o
                0x10002170                runtime_init_early_resets
 .text.runtime_init_usb_power_down
                0x100021a4       0x1c CMakeFiles/GardenGuard.dir/__/_deps/pico_sdk-src/src/rp2_common/pico_runtime_init/runtime_init.c.o
                0x100021a4                runtime_init_usb_power_down
 .text.runtime_init_per_core_enable_coprocessors
                0x100021c0       0x1c CMakeFiles/GardenGuard.dir/__/_deps/pico_sdk-src/src/rp2_common/pico_runtime_init/runtime_init.c.o
                0x100021c0                runtime_init_per_core_enable_coprocessors
 .text.runtime_init_post_clock_resets
                0x100021dc       0x20 CMakeFiles/GardenGuard.dir/__/_deps/pico_sdk-src/src/rp2_common/pico_runtime_init/runtime_init.c.o
                0x100021dc                runtime_init_post_clock_resets
 .text.runtime_init_bootrom_reset
                0x100021fc       0x14 CMakeFiles/GardenGuard.dir/__/_deps/pico_sdk-src/src/rp2_common/pico_runtime_init/runtime_init.c.o
                0x100021fc                runtime_init_bootrom_reset
 .text.runtime_init_per_core_bootrom_reset
                0x10002210       0x14 CMakeFiles/GardenGuard.dir/__/_deps/pico_sdk-src/src/rp2_common/pico_runtime_init/runtime_init.c.o
                0x10002210                runtime_init_per_core_bootrom_reset
 .text.runtime_init_spin_locks_reset
                0x10002224        0x4 CMakeFiles/GardenGuard.dir/__/_deps/pico_sdk-src/src/rp2_common/pico_runtime_init/runtime_init.c.o
                0x10002224                runtime_init_spin_locks_reset
 .text.runtime_init_install_ram_vector_table
                0x10002228       0x68 CMakeFiles/GardenGuard.dir/__/_deps/pico_sdk-src/src/rp2_common/pico_runtime_init/runtime_init.c.o
                0x10002228                runtime_init_install_ram_vector_table
 .text.runtime_init_clocks
                0x10002290       0xdc CMakeFiles/GardenGuard.dir/__/_deps/pico_sdk-src/src/rp2_common/pico_runtime_init/runtime_init_clocks.c.o
                0x10002290                runtime_init_clocks
 .text.__rp2350_dcp_engaged_state_save_restore
                0x1000236c       0x3a CMakeFiles/GardenGuard.dir/__/_deps/pico_sdk-src/src/rp2_common/pico_double/double_aeabi_dcp.S.o
 *fill*         0x100023a6        0x2 
 .text.__wrap___aeabi_dadd
                0x100023a8       0x28 CMakeFiles/GardenGuard.dir/__/_deps/pico_sdk-src/src/rp2_common/pico_double/double_aeabi_dcp.S.o
                0x100023b0                __wrap___aeabi_dadd
 .text.__wrap___aeabi_dsub
                0x100023d0       0x28 CMakeFiles/GardenGuard.dir/__/_deps/pico_sdk-src/src/rp2_common/pico_double/double_aeabi_dcp.S.o
                0x100023d8                __wrap___aeabi_dsub
 .text.__wrap___aeabi_dmul
                0x100023f8       0x4c CMakeFiles/GardenGuard.dir/__/_deps/pico_sdk-src/src/rp2_common/pico_double/double_aeabi_dcp.S.o
                0x10002400                __wrap___aeabi_dmul
 .text.__wrap___aeabi_ddiv
                0x10002444       0x9c CMakeFiles/GardenGuard.dir/__/_deps/pico_sdk-src/src/rp2_common/pico_double/double_aeabi_dcp.S.o
                0x1000244c                __wrap___aeabi_ddiv
 .text.__wrap___aeabi_i2d
                0x100024e0       0x24 CMakeFiles/GardenGuard.dir/__/_deps/pico_sdk-src/src/rp2_common/pico_double/double_aeabi_dcp.S.o
                0x100024e8                __wrap___aeabi_i2d
                0x100024e8                int2double
 .text.__wrap___aeabi_ui2d
                0x10002504       0x24 CMakeFiles/GardenGuard.dir/__/_deps/pico_sdk-src/src/rp2_common/pico_double/double_aeabi_dcp.S.o
                0x1000250c                __wrap___aeabi_ui2d
                0x1000250c                uint2double
 .text.__wrap___aeabi_d2iz
                0x10002528       0x24 CMakeFiles/GardenGuard.dir/__/_deps/pico_sdk-src/src/rp2_common/pico_double/double_aeabi_dcp.S.o
                0x10002530                __wrap___aeabi_d2iz
                0x10002530                double2int_z
 .text.__wrap___aeabi_d2uiz
                0x1000254c       0x24 CMakeFiles/GardenGuard.dir/__/_deps/pico_sdk-src/src/rp2_common/pico_double/double_aeabi_dcp.S.o
                0x10002554                double2uint_z
                0x10002554                double2uint
                0x10002554                __wrap___aeabi_d2uiz
 .text.__wrap___aeabi_dcmpun
                0x10002570       0x24 CMakeFiles/GardenGuard.dir/__/_deps/pico_sdk-src/src/rp2_common/pico_double/double_aeabi_dcp.S.o
                0x10002578                __wrap___aeabi_dcmpun
 .text.__wrap___aeabi_dcmplt
                0x10002594       0x28 CMakeFiles/GardenGuard.dir/__/_deps/pico_sdk-src/src/rp2_common/pico_double/double_aeabi_dcp.S.o
                0x1000259c                __wrap___aeabi_dcmplt
 .text.__wrap___aeabi_dcmpge
                0x100025bc       0x28 CMakeFiles/GardenGuard.dir/__/_deps/pico_sdk-src/src/rp2_common/pico_double/double_aeabi_dcp.S.o
                0x100025c4                __wrap___aeabi_dcmpge
 .text.__wrap___aeabi_dcmpgt
                0x100025e4       0x28 CMakeFiles/GardenGuard.dir/__/_deps/pico_sdk-src/src/rp2_common/pico_double/double_aeabi_dcp.S.o
                0x100025ec                __wrap___aeabi_dcmpgt
 .text._out_buffer
                0x1000260c        0x8 CMakeFiles/GardenGuard.dir/__/_deps/pico_sdk-src/src/rp2_common/pico_printf/printf.c.o
 .text._out_null
                0x10002614        0x4 CMakeFiles/GardenGuard.dir/__/_deps/pico_sdk-src/src/rp2_common/pico_printf/printf.c.o
 .text._out_rev
                0x10002618       0x9c CMakeFiles/GardenGuard.dir/__/_deps/pico_sdk-src/src/rp2_common/pico_printf/printf.c.o
 .text._ntoa_format
                0x100026b4      0x2a4 CMakeFiles/GardenGuard.dir/__/_deps/pico_sdk-src/src/rp2_common/pico_printf/printf.c.o
 .text._out_char
                0x10002958        0x8 CMakeFiles/GardenGuard.dir/__/_deps/pico_sdk-src/src/rp2_common/pico_printf/printf.c.o
 .text._out_fct
                0x10002960        0xc CMakeFiles/GardenGuard.dir/__/_deps/pico_sdk-src/src/rp2_common/pico_printf/printf.c.o
 *fill*         0x1000296c        0x4 
 .text._etoa    0x10002970      0x460 CMakeFiles/GardenGuard.dir/__/_deps/pico_sdk-src/src/rp2_common/pico_printf/printf.c.o
 .text._ftoa    0x10002dd0      0x3f4 CMakeFiles/GardenGuard.dir/__/_deps/pico_sdk-src/src/rp2_common/pico_printf/printf.c.o
 .text._vsnprintf
                0x100031c4      0x9e8 CMakeFiles/GardenGuard.dir/__/_deps/pico_sdk-src/src/rp2_common/pico_printf/printf.c.o
 .text.__wrap_snprintf
                0x10003bac       0x2c CMakeFiles/GardenGuard.dir/__/_deps/pico_sdk-src/src/rp2_common/pico_printf/printf.c.o
                0x10003bac                __wrap_snprintf
 .text.vfctprintf
                0x10003bd8       0x28 CMakeFiles/GardenGuard.dir/__/_deps/pico_sdk-src/src/rp2_common/pico_printf/printf.c.o
                0x10003bd8                vfctprintf
 .text.weak_raw_vprintf
                0x10003c00       0x30 CMakeFiles/GardenGuard.dir/__/_deps/pico_sdk-src/src/rp2_common/pico_printf/printf.c.o
                0x10003c00                weak_raw_vprintf
 .text._exit    0x10003c30        0x4 CMakeFiles/GardenGuard.dir/__/_deps/pico_sdk-src/src/rp2_common/pico_clib_interface/newlib_interface.c.o
                0x10003c30                _exit
 .text._gettimeofday
                0x10003c34       0x34 CMakeFiles/GardenGuard.dir/__/_deps/pico_sdk-src/src/rp2_common/pico_clib_interface/newlib_interface.c.o
                0x10003c34                _gettimeofday
 .text.exit     0x10003c68        0x8 CMakeFiles/GardenGuard.dir/__/_deps/pico_sdk-src/src/rp2_common/pico_clib_interface/newlib_interface.c.o
                0x10003c68                exit
 .text.runtime_init
                0x10003c70       0x24 CMakeFiles/GardenGuard.dir/__/_deps/pico_sdk-src/src/rp2_common/pico_clib_interface/newlib_interface.c.o
                0x10003c70                runtime_init
 .text.stdio_out_chars_no_crlf
                0x10003c94        0x8 CMakeFiles/GardenGuard.dir/__/_deps/pico_sdk-src/src/rp2_common/pico_stdio/stdio.c.o
 .text.stdio_out_chars_crlf
                0x10003c9c       0xac CMakeFiles/GardenGuard.dir/__/_deps/pico_sdk-src/src/rp2_common/pico_stdio/stdio.c.o
 .text.stdio_buffered_printer
                0x10003d48       0x60 CMakeFiles/GardenGuard.dir/__/_deps/pico_sdk-src/src/rp2_common/pico_stdio/stdio.c.o
 .text.stdio_put_string
                0x10003da8       0xf0 CMakeFiles/GardenGuard.dir/__/_deps/pico_sdk-src/src/rp2_common/pico_stdio/stdio.c.o
                0x10003da8                stdio_put_string
 .text.stdio_set_driver_enabled
                0x10003e98       0x30 CMakeFiles/GardenGuard.dir/__/_deps/pico_sdk-src/src/rp2_common/pico_stdio/stdio.c.o
                0x10003e98                stdio_set_driver_enabled
 .text.stdio_flush
                0x10003ec8       0x24 CMakeFiles/GardenGuard.dir/__/_deps/pico_sdk-src/src/rp2_common/pico_stdio/stdio.c.o
                0x10003ec8                stdio_flush
 .text.stdio_init_all
                0x10003eec        0x4 CMakeFiles/GardenGuard.dir/__/_deps/pico_sdk-src/src/rp2_common/pico_stdio/stdio.c.o
                0x10003eec                stdio_init_all
 .text.__wrap_putchar
                0x10003ef0       0x84 CMakeFiles/GardenGuard.dir/__/_deps/pico_sdk-src/src/rp2_common/pico_stdio/stdio.c.o
                0x10003ef0                stdio_putchar
                0x10003ef0                __wrap_putchar
 .text.__wrap_puts
                0x10003f74       0x3c CMakeFiles/GardenGuard.dir/__/_deps/pico_sdk-src/src/rp2_common/pico_stdio/stdio.c.o
                0x10003f74                __wrap_puts
                0x10003f74                stdio_puts
 .text.__wrap_vprintf
                0x10003fb0       0xc8 CMakeFiles/GardenGuard.dir/__/_deps/pico_sdk-src/src/rp2_common/pico_stdio/stdio.c.o
                0x10003fb0                __wrap_vprintf
                0x10003fb0                stdio_vprintf
 .text.__wrap_printf
                0x10004078       0x1c CMakeFiles/GardenGuard.dir/__/_deps/pico_sdk-src/src/rp2_common/pico_stdio/stdio.c.o
                0x10004078                stdio_printf
                0x10004078                __wrap_printf
 .text.resetd_init
                0x10004094        0x4 CMakeFiles/GardenGuard.dir/__/_deps/pico_sdk-src/src/rp2_common/pico_stdio_usb/reset_interface.c.o
 .text.resetd_reset
                0x10004098        0xc CMakeFiles/GardenGuard.dir/__/_deps/pico_sdk-src/src/rp2_common/pico_stdio_usb/reset_interface.c.o
 .text.resetd_open
                0x100040a4       0x28 CMakeFiles/GardenGuard.dir/__/_deps/pico_sdk-src/src/rp2_common/pico_stdio_usb/reset_interface.c.o
 .text.resetd_xfer_cb
                0x100040cc        0x4 CMakeFiles/GardenGuard.dir/__/_deps/pico_sdk-src/src/rp2_common/pico_stdio_usb/reset_interface.c.o
 .text.resetd_control_xfer_cb
                0x100040d0       0x50 CMakeFiles/GardenGuard.dir/__/_deps/pico_sdk-src/src/rp2_common/pico_stdio_usb/reset_interface.c.o
 .text.tud_descriptor_bos_cb
                0x10004120        0x8 CMakeFiles/GardenGuard.dir/__/_deps/pico_sdk-src/src/rp2_common/pico_stdio_usb/reset_interface.c.o
                0x10004120                tud_descriptor_bos_cb
 .text.tud_vendor_control_xfer_cb
                0x10004128       0x28 CMakeFiles/GardenGuard.dir/__/_deps/pico_sdk-src/src/rp2_common/pico_stdio_usb/reset_interface.c.o
                0x10004128                tud_vendor_control_xfer_cb
 .text.usbd_app_driver_get_cb
                0x10004150       0x10 CMakeFiles/GardenGuard.dir/__/_deps/pico_sdk-src/src/rp2_common/pico_stdio_usb/reset_interface.c.o
                0x10004150                usbd_app_driver_get_cb
 .text.tud_cdc_line_coding_cb
                0x10004160       0x18 CMakeFiles/GardenGuard.dir/__/_deps/pico_sdk-src/src/rp2_common/pico_stdio_usb/reset_interface.c.o
                0x10004160                tud_cdc_line_coding_cb
 .text.stdio_usb_set_chars_available_callback
                0x10004178       0x14 CMakeFiles/GardenGuard.dir/__/_deps/pico_sdk-src/src/rp2_common/pico_stdio_usb/stdio_usb.c.o
                0x10004178                stdio_usb_set_chars_available_callback
 .text.timer_task
                0x1000418c       0x70 CMakeFiles/GardenGuard.dir/__/_deps/pico_sdk-src/src/rp2_common/pico_stdio_usb/stdio_usb.c.o
 .text.usb_irq  0x100041fc        0xc CMakeFiles/GardenGuard.dir/__/_deps/pico_sdk-src/src/rp2_common/pico_stdio_usb/stdio_usb.c.o
 .text.stdio_usb_in_chars
                0x10004208       0x88 CMakeFiles/GardenGuard.dir/__/_deps/pico_sdk-src/src/rp2_common/pico_stdio_usb/stdio_usb.c.o
                0x10004208                stdio_usb_in_chars
 .text.stdio_usb_out_flush
                0x10004290       0x54 CMakeFiles/GardenGuard.dir/__/_deps/pico_sdk-src/src/rp2_common/pico_stdio_usb/stdio_usb.c.o
 .text.stdio_usb_out_chars
                0x100042e4       0xf4 CMakeFiles/GardenGuard.dir/__/_deps/pico_sdk-src/src/rp2_common/pico_stdio_usb/stdio_usb.c.o
 .text.low_priority_worker_irq
                0x100043d8       0xd8 CMakeFiles/GardenGuard.dir/__/_deps/pico_sdk-src/src/rp2_common/pico_stdio_usb/stdio_usb.c.o
 .text.stdio_usb_init
                0x100044b0       0xe8 CMakeFiles/GardenGuard.dir/__/_deps/pico_sdk-src/src/rp2_common/pico_stdio_usb/stdio_usb.c.o
                0x100044b0                stdio_usb_init
 .text.tud_descriptor_device_cb
                0x10004598        0x8 CMakeFiles/GardenGuard.dir/__/_deps/pico_sdk-src/src/rp2_common/pico_stdio_usb/stdio_usb_descriptors.c.o
                0x10004598                tud_descriptor_device_cb
 .text.tud_descriptor_configuration_cb
                0x100045a0        0x8 CMakeFiles/GardenGuard.dir/__/_deps/pico_sdk-src/src/rp2_common/pico_stdio_usb/stdio_usb_descriptors.c.o
                0x100045a0                tud_descriptor_configuration_cb
 .text.tud_descriptor_string_cb
                0x100045a8       0x70 CMakeFiles/GardenGuard.dir/__/_deps/pico_sdk-src/src/rp2_common/pico_stdio_usb/stdio_usb_descriptors.c.o
                0x100045a8                tud_descriptor_string_cb
 .text.startup._retrieve_unique_id_on_boot
                0x10004618       0x30 CMakeFiles/GardenGuard.dir/__/_deps/pico_sdk-src/src/rp2_common/pico_unique_id/unique_id.c.o
 .text.pico_get_unique_board_id
                0x10004648       0x10 CMakeFiles/GardenGuard.dir/__/_deps/pico_sdk-src/src/rp2_common/pico_unique_id/unique_id.c.o
                0x10004648                pico_get_unique_board_id
 .text.pico_get_unique_board_id_string
                0x10004658      0x184 CMakeFiles/GardenGuard.dir/__/_deps/pico_sdk-src/src/rp2_common/pico_unique_id/unique_id.c.o
                0x10004658                pico_get_unique_board_id_string
 .text.dcd_init
                0x100047dc       0x90 CMakeFiles/GardenGuard.dir/__/_deps/pico_sdk-src/lib/tinyusb/src/portable/raspberrypi/rp2040/dcd_rp2040.c.o
                0x100047dc                dcd_init
 .text.dcd_int_enable
                0x1000486c        0x8 CMakeFiles/GardenGuard.dir/__/_deps/pico_sdk-src/lib/tinyusb/src/portable/raspberrypi/rp2040/dcd_rp2040.c.o
                0x1000486c                dcd_int_enable
 .text.dcd_set_address
                0x10004874       0x10 CMakeFiles/GardenGuard.dir/__/_deps/pico_sdk-src/lib/tinyusb/src/portable/raspberrypi/rp2040/dcd_rp2040.c.o
                0x10004874                dcd_set_address
 .text.dcd_sof_enable
                0x10004884       0x1c CMakeFiles/GardenGuard.dir/__/_deps/pico_sdk-src/lib/tinyusb/src/portable/raspberrypi/rp2040/dcd_rp2040.c.o
                0x10004884                dcd_sof_enable
 .text.dcd_edpt0_status_complete
                0x100048a0       0x1c CMakeFiles/GardenGuard.dir/__/_deps/pico_sdk-src/lib/tinyusb/src/portable/raspberrypi/rp2040/dcd_rp2040.c.o
                0x100048a0                dcd_edpt0_status_complete
 .text.dcd_edpt_open
                0x100048bc      0x108 CMakeFiles/GardenGuard.dir/__/_deps/pico_sdk-src/lib/tinyusb/src/portable/raspberrypi/rp2040/dcd_rp2040.c.o
                0x100048bc                dcd_edpt_open
 .text.dcd_edpt_close_all
                0x100049c4        0x4 CMakeFiles/GardenGuard.dir/__/_deps/pico_sdk-src/lib/tinyusb/src/portable/raspberrypi/rp2040/dcd_rp2040.c.o
                0x100049c4                dcd_edpt_close_all
 .text.dcd_edpt_xfer
                0x100049c8       0x28 CMakeFiles/GardenGuard.dir/__/_deps/pico_sdk-src/lib/tinyusb/src/portable/raspberrypi/rp2040/dcd_rp2040.c.o
                0x100049c8                dcd_edpt_xfer
 .text.dcd_edpt_stall
                0x100049f0       0x2c CMakeFiles/GardenGuard.dir/__/_deps/pico_sdk-src/lib/tinyusb/src/portable/raspberrypi/rp2040/dcd_rp2040.c.o
                0x100049f0                dcd_edpt_stall
 .text.dcd_edpt_clear_stall
                0x10004a1c       0x2c CMakeFiles/GardenGuard.dir/__/_deps/pico_sdk-src/lib/tinyusb/src/portable/raspberrypi/rp2040/dcd_rp2040.c.o
                0x10004a1c                dcd_edpt_clear_stall
 .text.rp2040_usb_init
                0x10004a48       0x40 CMakeFiles/GardenGuard.dir/__/_deps/pico_sdk-src/lib/tinyusb/src/portable/raspberrypi/rp2040/rp2040_usb.c.o
                0x10004a48                rp2040_usb_init
 .text.hw_endpoint_xfer_start
                0x10004a88       0x40 CMakeFiles/GardenGuard.dir/__/_deps/pico_sdk-src/lib/tinyusb/src/portable/raspberrypi/rp2040/rp2040_usb.c.o
                0x10004a88                hw_endpoint_xfer_start
 .text.configuration_reset
                0x10004ac8       0x8c CMakeFiles/GardenGuard.dir/__/_deps/pico_sdk-src/lib/tinyusb/src/device/usbd.c.o
 .text.tud_event_hook_cb
                0x10004b54        0x4 CMakeFiles/GardenGuard.dir/__/_deps/pico_sdk-src/lib/tinyusb/src/device/usbd.c.o
                0x10004b54                tud_event_hook_cb
 .text.tud_sof_cb
                0x10004b58        0x4 CMakeFiles/GardenGuard.dir/__/_deps/pico_sdk-src/lib/tinyusb/src/device/usbd.c.o
                0x10004b58                tud_sof_cb
 .text.tud_descriptor_device_qualifier_cb
                0x10004b5c        0x4 CMakeFiles/GardenGuard.dir/__/_deps/pico_sdk-src/lib/tinyusb/src/device/usbd.c.o
                0x10004b5c                tud_descriptor_device_qualifier_cb
 .text.tud_descriptor_other_speed_configuration_cb
                0x10004b60        0x4 CMakeFiles/GardenGuard.dir/__/_deps/pico_sdk-src/lib/tinyusb/src/device/usbd.c.o
                0x10004b60                tud_descriptor_other_speed_configuration_cb
 .text.tud_mount_cb
                0x10004b64        0x4 CMakeFiles/GardenGuard.dir/__/_deps/pico_sdk-src/lib/tinyusb/src/device/usbd.c.o
                0x10004b64                tud_mount_cb
 .text.tud_umount_cb
                0x10004b68        0x4 CMakeFiles/GardenGuard.dir/__/_deps/pico_sdk-src/lib/tinyusb/src/device/usbd.c.o
                0x10004b68                tud_umount_cb
 .text.tud_suspend_cb
                0x10004b6c        0x4 CMakeFiles/GardenGuard.dir/__/_deps/pico_sdk-src/lib/tinyusb/src/device/usbd.c.o
                0x10004b6c                tud_suspend_cb
 .text.tud_resume_cb
                0x10004b70        0x4 CMakeFiles/GardenGuard.dir/__/_deps/pico_sdk-src/lib/tinyusb/src/device/usbd.c.o
                0x10004b70                tud_resume_cb
 .text.tud_mounted
                0x10004b74       0x10 CMakeFiles/GardenGuard.dir/__/_deps/pico_sdk-src/lib/tinyusb/src/device/usbd.c.o
                0x10004b74                tud_mounted
 .text.tud_suspended
                0x10004b84       0x10 CMakeFiles/GardenGuard.dir/__/_deps/pico_sdk-src/lib/tinyusb/src/device/usbd.c.o
                0x10004b84                tud_suspended
 .text.tud_rhport_init
                0x10004b94       0xf8 CMakeFiles/GardenGuard.dir/__/_deps/pico_sdk-src/lib/tinyusb/src/device/usbd.c.o
                0x10004b94                tud_rhport_init
 .text.tud_task_ext
                0x10004c8c      0x784 CMakeFiles/GardenGuard.dir/__/_deps/pico_sdk-src/lib/tinyusb/src/device/usbd.c.o
                0x10004c8c                tud_task_ext
 .text.usbd_open_edpt_pair
                0x10005410       0x9c CMakeFiles/GardenGuard.dir/__/_deps/pico_sdk-src/lib/tinyusb/src/device/usbd.c.o
                0x10005410                usbd_open_edpt_pair
 .text.usbd_edpt_open
                0x100054ac       0x44 CMakeFiles/GardenGuard.dir/__/_deps/pico_sdk-src/lib/tinyusb/src/device/usbd.c.o
                0x100054ac                usbd_edpt_open
 .text.usbd_edpt_claim
                0x100054f0       0x24 CMakeFiles/GardenGuard.dir/__/_deps/pico_sdk-src/lib/tinyusb/src/device/usbd.c.o
                0x100054f0                usbd_edpt_claim
 .text.usbd_edpt_release
                0x10005514       0x24 CMakeFiles/GardenGuard.dir/__/_deps/pico_sdk-src/lib/tinyusb/src/device/usbd.c.o
                0x10005514                usbd_edpt_release
 .text.usbd_edpt_xfer
                0x10005538       0x70 CMakeFiles/GardenGuard.dir/__/_deps/pico_sdk-src/lib/tinyusb/src/device/usbd.c.o
                0x10005538                usbd_edpt_xfer
 .text.tud_control_status
                0x100055a8       0x34 CMakeFiles/GardenGuard.dir/__/_deps/pico_sdk-src/lib/tinyusb/src/device/usbd_control.c.o
                0x100055a8                tud_control_status
 .text.tud_control_xfer
                0x100055dc       0xac CMakeFiles/GardenGuard.dir/__/_deps/pico_sdk-src/lib/tinyusb/src/device/usbd_control.c.o
                0x100055dc                tud_control_xfer
 .text.usbd_control_reset
                0x10005688       0x14 CMakeFiles/GardenGuard.dir/__/_deps/pico_sdk-src/lib/tinyusb/src/device/usbd_control.c.o
                0x10005688                usbd_control_reset
 .text.usbd_control_set_complete_callback
                0x1000569c        0xc CMakeFiles/GardenGuard.dir/__/_deps/pico_sdk-src/lib/tinyusb/src/device/usbd_control.c.o
                0x1000569c                usbd_control_set_complete_callback
 .text.usbd_control_set_request
                0x100056a8       0x1c CMakeFiles/GardenGuard.dir/__/_deps/pico_sdk-src/lib/tinyusb/src/device/usbd_control.c.o
                0x100056a8                usbd_control_set_request
 .text.usbd_control_xfer_cb
                0x100056c4       0xfc CMakeFiles/GardenGuard.dir/__/_deps/pico_sdk-src/lib/tinyusb/src/device/usbd_control.c.o
                0x100056c4                usbd_control_xfer_cb
 .text._prep_out_transaction.isra.0
                0x100057c0       0x74 CMakeFiles/GardenGuard.dir/__/_deps/pico_sdk-src/lib/tinyusb/src/class/cdc/cdc_device.c.o
 .text.tud_cdc_n_connected
                0x10005834       0x2c CMakeFiles/GardenGuard.dir/__/_deps/pico_sdk-src/lib/tinyusb/src/class/cdc/cdc_device.c.o
                0x10005834                tud_cdc_n_connected
 .text.tud_cdc_n_available
                0x10005860       0x18 CMakeFiles/GardenGuard.dir/__/_deps/pico_sdk-src/lib/tinyusb/src/class/cdc/cdc_device.c.o
                0x10005860                tud_cdc_n_available
 .text.tud_cdc_n_read
                0x10005878       0x8c CMakeFiles/GardenGuard.dir/__/_deps/pico_sdk-src/lib/tinyusb/src/class/cdc/cdc_device.c.o
                0x10005878                tud_cdc_n_read
 .text.tud_cdc_n_write_flush
                0x10005904       0x8c CMakeFiles/GardenGuard.dir/__/_deps/pico_sdk-src/lib/tinyusb/src/class/cdc/cdc_device.c.o
                0x10005904                tud_cdc_n_write_flush
 .text.tud_cdc_n_write
                0x10005990       0x44 CMakeFiles/GardenGuard.dir/__/_deps/pico_sdk-src/lib/tinyusb/src/class/cdc/cdc_device.c.o
                0x10005990                tud_cdc_n_write
 .text.tud_cdc_n_write_available
                0x100059d4       0x18 CMakeFiles/GardenGuard.dir/__/_deps/pico_sdk-src/lib/tinyusb/src/class/cdc/cdc_device.c.o
                0x100059d4                tud_cdc_n_write_available
 .text.cdcd_init
                0x100059ec       0x70 CMakeFiles/GardenGuard.dir/__/_deps/pico_sdk-src/lib/tinyusb/src/class/cdc/cdc_device.c.o
                0x100059ec                cdcd_init
 .text.cdcd_deinit
                0x10005a5c       0x2c CMakeFiles/GardenGuard.dir/__/_deps/pico_sdk-src/lib/tinyusb/src/class/cdc/cdc_device.c.o
                0x10005a5c                cdcd_deinit
 .text.cdcd_reset
                0x10005a88       0x4c CMakeFiles/GardenGuard.dir/__/_deps/pico_sdk-src/lib/tinyusb/src/class/cdc/cdc_device.c.o
                0x10005a88                cdcd_reset
 .text.cdcd_open
                0x10005ad4       0xbc CMakeFiles/GardenGuard.dir/__/_deps/pico_sdk-src/lib/tinyusb/src/class/cdc/cdc_device.c.o
                0x10005ad4                cdcd_open
 .text.cdcd_control_xfer_cb
                0x10005b90       0xc0 CMakeFiles/GardenGuard.dir/__/_deps/pico_sdk-src/lib/tinyusb/src/class/cdc/cdc_device.c.o
                0x10005b90                cdcd_control_xfer_cb
 .text.cdcd_xfer_cb
                0x10005c50       0xfc CMakeFiles/GardenGuard.dir/__/_deps/pico_sdk-src/lib/tinyusb/src/class/cdc/cdc_device.c.o
                0x10005c50                cdcd_xfer_cb
 .text.vendord_init
                0x10005d4c       0x5c CMakeFiles/GardenGuard.dir/__/_deps/pico_sdk-src/lib/tinyusb/src/class/vendor/vendor_device.c.o
                0x10005d4c                vendord_init
 .text.vendord_deinit
                0x10005da8       0x1c CMakeFiles/GardenGuard.dir/__/_deps/pico_sdk-src/lib/tinyusb/src/class/vendor/vendor_device.c.o
                0x10005da8                vendord_deinit
 .text.vendord_reset
                0x10005dc4       0x24 CMakeFiles/GardenGuard.dir/__/_deps/pico_sdk-src/lib/tinyusb/src/class/vendor/vendor_device.c.o
                0x10005dc4                vendord_reset
 .text.vendord_open
                0x10005de8      0x104 CMakeFiles/GardenGuard.dir/__/_deps/pico_sdk-src/lib/tinyusb/src/class/vendor/vendor_device.c.o
                0x10005de8                vendord_open
 .text.vendord_xfer_cb
                0x10005eec       0x88 CMakeFiles/GardenGuard.dir/__/_deps/pico_sdk-src/lib/tinyusb/src/class/vendor/vendor_device.c.o
                0x10005eec                vendord_xfer_cb
 .text.tusb_rhport_init
                0x10005f74       0x60 CMakeFiles/GardenGuard.dir/__/_deps/pico_sdk-src/lib/tinyusb/src/tusb.c.o
                0x10005f74                tusb_rhport_init
 .text.tu_edpt_claim
                0x10005fd4       0x54 CMakeFiles/GardenGuard.dir/__/_deps/pico_sdk-src/lib/tinyusb/src/tusb.c.o
                0x10005fd4                tu_edpt_claim
 .text.tu_edpt_release
                0x10006028       0x38 CMakeFiles/GardenGuard.dir/__/_deps/pico_sdk-src/lib/tinyusb/src/tusb.c.o
                0x10006028                tu_edpt_release
 .text.tu_edpt_validate
                0x10006060       0x64 CMakeFiles/GardenGuard.dir/__/_deps/pico_sdk-src/lib/tinyusb/src/tusb.c.o
                0x10006060                tu_edpt_validate
 .text.tu_edpt_bind_driver
                0x100060c4       0x58 CMakeFiles/GardenGuard.dir/__/_deps/pico_sdk-src/lib/tinyusb/src/tusb.c.o
                0x100060c4                tu_edpt_bind_driver
 .text.tu_edpt_stream_init
                0x1000611c       0x58 CMakeFiles/GardenGuard.dir/__/_deps/pico_sdk-src/lib/tinyusb/src/tusb.c.o
                0x1000611c                tu_edpt_stream_init
 .text.tu_edpt_stream_deinit
                0x10006174        0x4 CMakeFiles/GardenGuard.dir/__/_deps/pico_sdk-src/lib/tinyusb/src/tusb.c.o
                0x10006174                tu_edpt_stream_deinit
 .text.tu_edpt_stream_write_zlp_if_needed
                0x10006178       0x68 CMakeFiles/GardenGuard.dir/__/_deps/pico_sdk-src/lib/tinyusb/src/tusb.c.o
                0x10006178                tu_edpt_stream_write_zlp_if_needed
 .text.tu_edpt_stream_write_xfer
                0x100061e0       0x70 CMakeFiles/GardenGuard.dir/__/_deps/pico_sdk-src/lib/tinyusb/src/tusb.c.o
                0x100061e0                tu_edpt_stream_write_xfer
 .text.tu_edpt_stream_read_xfer
                0x10006250       0xd0 CMakeFiles/GardenGuard.dir/__/_deps/pico_sdk-src/lib/tinyusb/src/tusb.c.o
                0x10006250                tu_edpt_stream_read_xfer
 .text.tu_fifo_config
                0x10006320       0x60 CMakeFiles/GardenGuard.dir/__/_deps/pico_sdk-src/lib/tinyusb/src/common/tusb_fifo.c.o
                0x10006320                tu_fifo_config
 .text.tu_fifo_count
                0x10006380       0x20 CMakeFiles/GardenGuard.dir/__/_deps/pico_sdk-src/lib/tinyusb/src/common/tusb_fifo.c.o
                0x10006380                tu_fifo_count
 .text.tu_fifo_empty
                0x100063a0       0x14 CMakeFiles/GardenGuard.dir/__/_deps/pico_sdk-src/lib/tinyusb/src/common/tusb_fifo.c.o
                0x100063a0                tu_fifo_empty
 .text.tu_fifo_remaining
                0x100063b4       0x24 CMakeFiles/GardenGuard.dir/__/_deps/pico_sdk-src/lib/tinyusb/src/common/tusb_fifo.c.o
                0x100063b4                tu_fifo_remaining
 .text.tu_fifo_read
                0x100063d8       0x94 CMakeFiles/GardenGuard.dir/__/_deps/pico_sdk-src/lib/tinyusb/src/common/tusb_fifo.c.o
                0x100063d8                tu_fifo_read
 .text.tu_fifo_read_n
                0x1000646c       0xd8 CMakeFiles/GardenGuard.dir/__/_deps/pico_sdk-src/lib/tinyusb/src/common/tusb_fifo.c.o
                0x1000646c                tu_fifo_read_n
 .text.tu_fifo_write
                0x10006544       0xa0 CMakeFiles/GardenGuard.dir/__/_deps/pico_sdk-src/lib/tinyusb/src/common/tusb_fifo.c.o
                0x10006544                tu_fifo_write
 .text.tu_fifo_write_n
                0x100065e4      0x158 CMakeFiles/GardenGuard.dir/__/_deps/pico_sdk-src/lib/tinyusb/src/common/tusb_fifo.c.o
                0x100065e4                tu_fifo_write_n
 .text.tu_fifo_clear
                0x1000673c       0x38 CMakeFiles/GardenGuard.dir/__/_deps/pico_sdk-src/lib/tinyusb/src/common/tusb_fifo.c.o
                0x1000673c                tu_fifo_clear
 .text.tu_fifo_set_overwritable
                0x10006774       0x3c CMakeFiles/GardenGuard.dir/__/_deps/pico_sdk-src/lib/tinyusb/src/common/tusb_fifo.c.o
                0x10006774                tu_fifo_set_overwritable
 .text.adc_init
                0x100067b0       0x30 CMakeFiles/GardenGuard.dir/__/_deps/pico_sdk-src/src/rp2_common/hardware_adc/adc.c.o
                0x100067b0                adc_init
 .text.lwip_timeout_reached
                0x100067e0        0x4 CMakeFiles/GardenGuard.dir/__/_deps/pico_sdk-src/src/rp2_common/pico_lwip/lwip_nosys.c.o
 .text.update_next_timeout
                0x100067e4       0x5c CMakeFiles/GardenGuard.dir/__/_deps/pico_sdk-src/src/rp2_common/pico_lwip/lwip_nosys.c.o
 .text.lwip_nosys_init
                0x10006840       0x30 CMakeFiles/GardenGuard.dir/__/_deps/pico_sdk-src/src/rp2_common/pico_lwip/lwip_nosys.c.o
                0x10006840                lwip_nosys_init
 .text.lwip_nosys_deinit
                0x10006870       0x24 CMakeFiles/GardenGuard.dir/__/_deps/pico_sdk-src/src/rp2_common/pico_lwip/lwip_nosys.c.o
                0x10006870                lwip_nosys_deinit
 .text.sys_arch_protect
                0x10006894        0x4 CMakeFiles/GardenGuard.dir/__/_deps/pico_sdk-src/src/rp2_common/pico_lwip/lwip_nosys.c.o
                0x10006894                sys_arch_protect
 .text.sys_arch_unprotect
                0x10006898        0x4 CMakeFiles/GardenGuard.dir/__/_deps/pico_sdk-src/src/rp2_common/pico_lwip/lwip_nosys.c.o
                0x10006898                sys_arch_unprotect
 .text.sys_now  0x1000689c       0x24 CMakeFiles/GardenGuard.dir/__/_deps/pico_sdk-src/src/rp2_common/pico_lwip/lwip_nosys.c.o
                0x1000689c                sys_now
 .text.async_context_base_add_at_time_worker
                0x100068c0       0x24 CMakeFiles/GardenGuard.dir/__/_deps/pico_sdk-src/src/rp2_common/pico_async_context/async_context_base.c.o
                0x100068c0                async_context_base_add_at_time_worker
 .text.async_context_base_remove_at_time_worker
                0x100068e4       0x28 CMakeFiles/GardenGuard.dir/__/_deps/pico_sdk-src/src/rp2_common/pico_async_context/async_context_base.c.o
                0x100068e4                async_context_base_remove_at_time_worker
 .text.async_context_base_add_when_pending_worker
                0x1000690c       0x20 CMakeFiles/GardenGuard.dir/__/_deps/pico_sdk-src/src/rp2_common/pico_async_context/async_context_base.c.o
                0x1000690c                async_context_base_add_when_pending_worker
 .text.async_context_base_remove_when_pending_worker
                0x1000692c       0x24 CMakeFiles/GardenGuard.dir/__/_deps/pico_sdk-src/src/rp2_common/pico_async_context/async_context_base.c.o
                0x1000692c                async_context_base_remove_when_pending_worker
 .text.async_context_base_execute_once
                0x10006950       0xd8 CMakeFiles/GardenGuard.dir/__/_deps/pico_sdk-src/src/rp2_common/pico_async_context/async_context_base.c.o
                0x10006950                async_context_base_execute_once
 .text.splitmix64
                0x10006a28       0x70 CMakeFiles/GardenGuard.dir/__/_deps/pico_sdk-src/src/rp2_common/pico_rand/rand.c.o
 .text.capture_additional_trng_samples
                0x10006a98       0xa0 CMakeFiles/GardenGuard.dir/__/_deps/pico_sdk-src/src/rp2_common/pico_rand/rand.c.o
 .text.xoroshiro128ss
                0x10006b38       0x8c CMakeFiles/GardenGuard.dir/__/_deps/pico_sdk-src/src/rp2_common/pico_rand/rand.c.o
 .text.get_rand_64
                0x10006bc4      0x184 CMakeFiles/GardenGuard.dir/__/_deps/pico_sdk-src/src/rp2_common/pico_rand/rand.c.o
                0x10006bc4                get_rand_64
 .text.get_rand_32
                0x10006d48        0x8 CMakeFiles/GardenGuard.dir/__/_deps/pico_sdk-src/src/rp2_common/pico_rand/rand.c.o
                0x10006d48                get_rand_32
 .text.lwip_init
                0x10006d50       0x24 CMakeFiles/GardenGuard.dir/__/_deps/pico_sdk-src/lib/lwip/src/core/init.c.o
                0x10006d50                lwip_init
 .text.lwip_htons
                0x10006d74        0x8 CMakeFiles/GardenGuard.dir/__/_deps/pico_sdk-src/lib/lwip/src/core/def.c.o
                0x10006d74                lwip_htons
 .text.lwip_htonl
                0x10006d7c        0x4 CMakeFiles/GardenGuard.dir/__/_deps/pico_sdk-src/lib/lwip/src/core/def.c.o
                0x10006d7c                lwip_htonl
 .text.dns_call_found
                0x10006d80      0x154 CMakeFiles/GardenGuard.dir/__/_deps/pico_sdk-src/lib/lwip/src/core/dns.c.o
 .text.dns_send.isra.0
                0x10006ed4      0x168 CMakeFiles/GardenGuard.dir/__/_deps/pico_sdk-src/lib/lwip/src/core/dns.c.o
 .text.dns_init
                0x1000703c        0x4 CMakeFiles/GardenGuard.dir/__/_deps/pico_sdk-src/lib/lwip/src/core/dns.c.o
                0x1000703c                dns_init
 .text.dns_setserver
                0x10007040       0x28 CMakeFiles/GardenGuard.dir/__/_deps/pico_sdk-src/lib/lwip/src/core/dns.c.o
                0x10007040                dns_setserver
 .text.dns_tmr  0x10007068      0x13c CMakeFiles/GardenGuard.dir/__/_deps/pico_sdk-src/lib/lwip/src/core/dns.c.o
                0x10007068                dns_tmr
 .text.lwip_standard_chksum
                0x100071a4       0x78 CMakeFiles/GardenGuard.dir/__/_deps/pico_sdk-src/lib/lwip/src/core/inet_chksum.c.o
                0x100071a4                lwip_standard_chksum
 .text.inet_chksum_pseudo
                0x1000721c       0x8c CMakeFiles/GardenGuard.dir/__/_deps/pico_sdk-src/lib/lwip/src/core/inet_chksum.c.o
                0x1000721c                inet_chksum_pseudo
 .text.ip_chksum_pseudo
                0x100072a8        0x4 CMakeFiles/GardenGuard.dir/__/_deps/pico_sdk-src/lib/lwip/src/core/inet_chksum.c.o
                0x100072a8                ip_chksum_pseudo
 .text.inet_chksum
                0x100072ac       0x88 CMakeFiles/GardenGuard.dir/__/_deps/pico_sdk-src/lib/lwip/src/core/inet_chksum.c.o
                0x100072ac                inet_chksum
 .text.inet_chksum_pbuf
                0x10007334       0x54 CMakeFiles/GardenGuard.dir/__/_deps/pico_sdk-src/lib/lwip/src/core/inet_chksum.c.o
                0x10007334                inet_chksum_pbuf
 .text.mem_init
                0x10007388       0x4c CMakeFiles/GardenGuard.dir/__/_deps/pico_sdk-src/lib/lwip/src/core/mem.c.o
                0x10007388                mem_init
 .text.mem_free
                0x100073d4      0x128 CMakeFiles/GardenGuard.dir/__/_deps/pico_sdk-src/lib/lwip/src/core/mem.c.o
                0x100073d4                mem_free
 .text.mem_trim
                0x100074fc       0xe0 CMakeFiles/GardenGuard.dir/__/_deps/pico_sdk-src/lib/lwip/src/core/mem.c.o
                0x100074fc                mem_trim
 .text.mem_malloc
                0x100075dc      0x100 CMakeFiles/GardenGuard.dir/__/_deps/pico_sdk-src/lib/lwip/src/core/mem.c.o
                0x100075dc                mem_malloc
 .text.mem_calloc
                0x100076dc       0x28 CMakeFiles/GardenGuard.dir/__/_deps/pico_sdk-src/lib/lwip/src/core/mem.c.o
                0x100076dc                mem_calloc
 .text.memp_init
                0x10007704       0x58 CMakeFiles/GardenGuard.dir/__/_deps/pico_sdk-src/lib/lwip/src/core/memp.c.o
                0x10007704                memp_init
 .text.memp_malloc
                0x1000775c       0x4c CMakeFiles/GardenGuard.dir/__/_deps/pico_sdk-src/lib/lwip/src/core/memp.c.o
                0x1000775c                memp_malloc
 .text.memp_free
                0x100077a8       0x44 CMakeFiles/GardenGuard.dir/__/_deps/pico_sdk-src/lib/lwip/src/core/memp.c.o
                0x100077a8                memp_free
 .text.netif_null_output_ip4
                0x100077ec        0x8 CMakeFiles/GardenGuard.dir/__/_deps/pico_sdk-src/lib/lwip/src/core/netif.c.o
 .text.netif_do_set_ipaddr.isra.0
                0x100077f4       0x64 CMakeFiles/GardenGuard.dir/__/_deps/pico_sdk-src/lib/lwip/src/core/netif.c.o
 .text.netif_init
                0x10007858        0x4 CMakeFiles/GardenGuard.dir/__/_deps/pico_sdk-src/lib/lwip/src/core/netif.c.o
                0x10007858                netif_init
 .text.netif_add
                0x1000785c      0x150 CMakeFiles/GardenGuard.dir/__/_deps/pico_sdk-src/lib/lwip/src/core/netif.c.o
                0x1000785c                netif_add
 .text.netif_set_addr
                0x100079ac       0xa0 CMakeFiles/GardenGuard.dir/__/_deps/pico_sdk-src/lib/lwip/src/core/netif.c.o
                0x100079ac                netif_set_addr
 .text.netif_remove
                0x10007a4c       0x90 CMakeFiles/GardenGuard.dir/__/_deps/pico_sdk-src/lib/lwip/src/core/netif.c.o
                0x10007a4c                netif_remove
 .text.netif_set_default
                0x10007adc        0xc CMakeFiles/GardenGuard.dir/__/_deps/pico_sdk-src/lib/lwip/src/core/netif.c.o
                0x10007adc                netif_set_default
 .text.netif_set_up
                0x10007ae8       0x48 CMakeFiles/GardenGuard.dir/__/_deps/pico_sdk-src/lib/lwip/src/core/netif.c.o
                0x10007ae8                netif_set_up
 .text.netif_set_link_up
                0x10007b30       0x54 CMakeFiles/GardenGuard.dir/__/_deps/pico_sdk-src/lib/lwip/src/core/netif.c.o
                0x10007b30                netif_set_link_up
 .text.netif_set_link_down
                0x10007b84       0x24 CMakeFiles/GardenGuard.dir/__/_deps/pico_sdk-src/lib/lwip/src/core/netif.c.o
                0x10007b84                netif_set_link_down
 .text.netif_get_by_index
                0x10007ba8       0x24 CMakeFiles/GardenGuard.dir/__/_deps/pico_sdk-src/lib/lwip/src/core/netif.c.o
                0x10007ba8                netif_get_by_index
 .text.pbuf_free.part.0
                0x10007bcc       0x90 CMakeFiles/GardenGuard.dir/__/_deps/pico_sdk-src/lib/lwip/src/core/pbuf.c.o
 .text.pbuf_free_ooseq
                0x10007c5c       0x34 CMakeFiles/GardenGuard.dir/__/_deps/pico_sdk-src/lib/lwip/src/core/pbuf.c.o
                0x10007c5c                pbuf_free_ooseq
 .text.pbuf_alloc
                0x10007c90      0x128 CMakeFiles/GardenGuard.dir/__/_deps/pico_sdk-src/lib/lwip/src/core/pbuf.c.o
                0x10007c90                pbuf_alloc
 .text.pbuf_alloced_custom
                0x10007db8       0x40 CMakeFiles/GardenGuard.dir/__/_deps/pico_sdk-src/lib/lwip/src/core/pbuf.c.o
                0x10007db8                pbuf_alloced_custom
 .text.pbuf_realloc
                0x10007df8       0x8c CMakeFiles/GardenGuard.dir/__/_deps/pico_sdk-src/lib/lwip/src/core/pbuf.c.o
                0x10007df8                pbuf_realloc
 .text.pbuf_add_header
                0x10007e84       0x4c CMakeFiles/GardenGuard.dir/__/_deps/pico_sdk-src/lib/lwip/src/core/pbuf.c.o
                0x10007e84                pbuf_add_header
 .text.pbuf_remove_header
                0x10007ed0       0x40 CMakeFiles/GardenGuard.dir/__/_deps/pico_sdk-src/lib/lwip/src/core/pbuf.c.o
                0x10007ed0                pbuf_remove_header
 .text.pbuf_header_force
                0x10007f10       0x80 CMakeFiles/GardenGuard.dir/__/_deps/pico_sdk-src/lib/lwip/src/core/pbuf.c.o
                0x10007f10                pbuf_header_force
 .text.pbuf_free
                0x10007f90       0x14 CMakeFiles/GardenGuard.dir/__/_deps/pico_sdk-src/lib/lwip/src/core/pbuf.c.o
                0x10007f90                pbuf_free
 .text.pbuf_clen
                0x10007fa4       0x14 CMakeFiles/GardenGuard.dir/__/_deps/pico_sdk-src/lib/lwip/src/core/pbuf.c.o
                0x10007fa4                pbuf_clen
 .text.pbuf_ref
                0x10007fb8       0x28 CMakeFiles/GardenGuard.dir/__/_deps/pico_sdk-src/lib/lwip/src/core/pbuf.c.o
                0x10007fb8                pbuf_ref
 .text.pbuf_cat
                0x10007fe0       0x58 CMakeFiles/GardenGuard.dir/__/_deps/pico_sdk-src/lib/lwip/src/core/pbuf.c.o
                0x10007fe0                pbuf_cat
 .text.pbuf_chain
                0x10008038       0x7c CMakeFiles/GardenGuard.dir/__/_deps/pico_sdk-src/lib/lwip/src/core/pbuf.c.o
                0x10008038                pbuf_chain
 .text.pbuf_copy_partial_pbuf
                0x100080b4      0x154 CMakeFiles/GardenGuard.dir/__/_deps/pico_sdk-src/lib/lwip/src/core/pbuf.c.o
                0x100080b4                pbuf_copy_partial_pbuf
 .text.pbuf_copy
                0x10008208       0x1c CMakeFiles/GardenGuard.dir/__/_deps/pico_sdk-src/lib/lwip/src/core/pbuf.c.o
                0x10008208                pbuf_copy
 .text.pbuf_copy_partial
                0x10008224       0x80 CMakeFiles/GardenGuard.dir/__/_deps/pico_sdk-src/lib/lwip/src/core/pbuf.c.o
                0x10008224                pbuf_copy_partial
 .text.pbuf_get_contiguous
                0x100082a4       0xc8 CMakeFiles/GardenGuard.dir/__/_deps/pico_sdk-src/lib/lwip/src/core/pbuf.c.o
                0x100082a4                pbuf_get_contiguous
 .text.pbuf_take
                0x1000836c       0x84 CMakeFiles/GardenGuard.dir/__/_deps/pico_sdk-src/lib/lwip/src/core/pbuf.c.o
                0x1000836c                pbuf_take
 .text.pbuf_take_at
                0x100083f0       0xd8 CMakeFiles/GardenGuard.dir/__/_deps/pico_sdk-src/lib/lwip/src/core/pbuf.c.o
                0x100083f0                pbuf_take_at
 .text.pbuf_clone
                0x100084c8       0x2c CMakeFiles/GardenGuard.dir/__/_deps/pico_sdk-src/lib/lwip/src/core/pbuf.c.o
                0x100084c8                pbuf_clone
 .text.pbuf_get_at
                0x100084f4       0x1c CMakeFiles/GardenGuard.dir/__/_deps/pico_sdk-src/lib/lwip/src/core/pbuf.c.o
                0x100084f4                pbuf_get_at
 .text.pbuf_put_at
                0x10008510       0x1c CMakeFiles/GardenGuard.dir/__/_deps/pico_sdk-src/lib/lwip/src/core/pbuf.c.o
                0x10008510                pbuf_put_at
 .text.raw_input
                0x1000852c      0x124 CMakeFiles/GardenGuard.dir/__/_deps/pico_sdk-src/lib/lwip/src/core/raw.c.o
                0x1000852c                raw_input
 .text.raw_netif_ip_addr_changed
                0x10008650       0x3c CMakeFiles/GardenGuard.dir/__/_deps/pico_sdk-src/lib/lwip/src/core/raw.c.o
                0x10008650                raw_netif_ip_addr_changed
 .text.altcp_alloc
                0x1000868c       0x18 CMakeFiles/GardenGuard.dir/__/_deps/pico_sdk-src/lib/lwip/src/core/altcp.c.o
                0x1000868c                altcp_alloc
 .text.altcp_free
                0x100086a4       0x20 CMakeFiles/GardenGuard.dir/__/_deps/pico_sdk-src/lib/lwip/src/core/altcp.c.o
                0x100086a4                altcp_free
 .text.altcp_arg
                0x100086c4        0x8 CMakeFiles/GardenGuard.dir/__/_deps/pico_sdk-src/lib/lwip/src/core/altcp.c.o
                0x100086c4                altcp_arg
 .text.altcp_recv
                0x100086cc        0x8 CMakeFiles/GardenGuard.dir/__/_deps/pico_sdk-src/lib/lwip/src/core/altcp.c.o
                0x100086cc                altcp_recv
 .text.altcp_sent
                0x100086d4        0x8 CMakeFiles/GardenGuard.dir/__/_deps/pico_sdk-src/lib/lwip/src/core/altcp.c.o
                0x100086d4                altcp_sent
 .text.altcp_poll
                0x100086dc       0x24 CMakeFiles/GardenGuard.dir/__/_deps/pico_sdk-src/lib/lwip/src/core/altcp.c.o
                0x100086dc                altcp_poll
 .text.altcp_err
                0x10008700        0x8 CMakeFiles/GardenGuard.dir/__/_deps/pico_sdk-src/lib/lwip/src/core/altcp.c.o
                0x10008700                altcp_err
 .text.altcp_recved
                0x10008708       0x10 CMakeFiles/GardenGuard.dir/__/_deps/pico_sdk-src/lib/lwip/src/core/altcp.c.o
                0x10008708                altcp_recved
 .text.altcp_bind
                0x10008718       0x14 CMakeFiles/GardenGuard.dir/__/_deps/pico_sdk-src/lib/lwip/src/core/altcp.c.o
                0x10008718                altcp_bind
 .text.altcp_connect
                0x1000872c       0x24 CMakeFiles/GardenGuard.dir/__/_deps/pico_sdk-src/lib/lwip/src/core/altcp.c.o
                0x1000872c                altcp_connect
 .text.altcp_abort
                0x10008750       0x10 CMakeFiles/GardenGuard.dir/__/_deps/pico_sdk-src/lib/lwip/src/core/altcp.c.o
                0x10008750                altcp_abort
 .text.altcp_close
                0x10008760       0x14 CMakeFiles/GardenGuard.dir/__/_deps/pico_sdk-src/lib/lwip/src/core/altcp.c.o
                0x10008760                altcp_close
 .text.altcp_write
                0x10008774       0x24 CMakeFiles/GardenGuard.dir/__/_deps/pico_sdk-src/lib/lwip/src/core/altcp.c.o
                0x10008774                altcp_write
 .text.altcp_output
                0x10008798       0x14 CMakeFiles/GardenGuard.dir/__/_deps/pico_sdk-src/lib/lwip/src/core/altcp.c.o
                0x10008798                altcp_output
 .text.altcp_sndbuf
                0x100087ac       0x10 CMakeFiles/GardenGuard.dir/__/_deps/pico_sdk-src/lib/lwip/src/core/altcp.c.o
                0x100087ac                altcp_sndbuf
 .text.altcp_tcp_err
                0x100087bc       0x20 CMakeFiles/GardenGuard.dir/__/_deps/pico_sdk-src/lib/lwip/src/core/altcp_tcp.c.o
 .text.altcp_tcp_dbg_get_tcp_state
                0x100087dc       0x1c CMakeFiles/GardenGuard.dir/__/_deps/pico_sdk-src/lib/lwip/src/core/altcp_tcp.c.o
 .text.altcp_tcp_get_port
                0x100087f8       0x24 CMakeFiles/GardenGuard.dir/__/_deps/pico_sdk-src/lib/lwip/src/core/altcp_tcp.c.o
 .text.altcp_tcp_get_ip
                0x1000881c       0x20 CMakeFiles/GardenGuard.dir/__/_deps/pico_sdk-src/lib/lwip/src/core/altcp_tcp.c.o
 .text.altcp_tcp_nagle_disabled
                0x1000883c       0x24 CMakeFiles/GardenGuard.dir/__/_deps/pico_sdk-src/lib/lwip/src/core/altcp_tcp.c.o
 .text.altcp_tcp_sndqueuelen
                0x10008860       0x1c CMakeFiles/GardenGuard.dir/__/_deps/pico_sdk-src/lib/lwip/src/core/altcp_tcp.c.o
 .text.altcp_tcp_sndbuf
                0x1000887c       0x1c CMakeFiles/GardenGuard.dir/__/_deps/pico_sdk-src/lib/lwip/src/core/altcp_tcp.c.o
 .text.altcp_tcp_mss
                0x10008898       0x1c CMakeFiles/GardenGuard.dir/__/_deps/pico_sdk-src/lib/lwip/src/core/altcp_tcp.c.o
 .text.altcp_tcp_get_tcp_addrinfo
                0x100088b4       0x28 CMakeFiles/GardenGuard.dir/__/_deps/pico_sdk-src/lib/lwip/src/core/altcp_tcp.c.o
 .text.altcp_tcp_output
                0x100088dc       0x24 CMakeFiles/GardenGuard.dir/__/_deps/pico_sdk-src/lib/lwip/src/core/altcp_tcp.c.o
 .text.altcp_tcp_write
                0x10008900       0x24 CMakeFiles/GardenGuard.dir/__/_deps/pico_sdk-src/lib/lwip/src/core/altcp_tcp.c.o
 .text.altcp_tcp_shutdown
                0x10008924       0x24 CMakeFiles/GardenGuard.dir/__/_deps/pico_sdk-src/lib/lwip/src/core/altcp_tcp.c.o
 .text.altcp_tcp_listen
                0x10008948       0x34 CMakeFiles/GardenGuard.dir/__/_deps/pico_sdk-src/lib/lwip/src/core/altcp_tcp.c.o
 .text.altcp_tcp_connect
                0x1000897c       0x2c CMakeFiles/GardenGuard.dir/__/_deps/pico_sdk-src/lib/lwip/src/core/altcp_tcp.c.o
 .text.altcp_tcp_bind
                0x100089a8       0x24 CMakeFiles/GardenGuard.dir/__/_deps/pico_sdk-src/lib/lwip/src/core/altcp_tcp.c.o
 .text.altcp_tcp_close
                0x100089cc       0xbc CMakeFiles/GardenGuard.dir/__/_deps/pico_sdk-src/lib/lwip/src/core/altcp_tcp.c.o
 .text.altcp_tcp_sent
                0x10008a88       0x38 CMakeFiles/GardenGuard.dir/__/_deps/pico_sdk-src/lib/lwip/src/core/altcp_tcp.c.o
 .text.altcp_tcp_keepalive_enable.part.0
                0x10008ac0        0xc CMakeFiles/GardenGuard.dir/__/_deps/pico_sdk-src/lib/lwip/src/core/altcp_tcp.c.o
 .text.altcp_tcp_keepalive_enable
                0x10008acc       0x44 CMakeFiles/GardenGuard.dir/__/_deps/pico_sdk-src/lib/lwip/src/core/altcp_tcp.c.o
 .text.altcp_tcp_keepalive_disable
                0x10008b10       0x1c CMakeFiles/GardenGuard.dir/__/_deps/pico_sdk-src/lib/lwip/src/core/altcp_tcp.c.o
 .text.altcp_tcp_dealloc
                0x10008b2c       0x14 CMakeFiles/GardenGuard.dir/__/_deps/pico_sdk-src/lib/lwip/src/core/altcp_tcp.c.o
 .text.altcp_tcp_nagle_enable
                0x10008b40       0x1c CMakeFiles/GardenGuard.dir/__/_deps/pico_sdk-src/lib/lwip/src/core/altcp_tcp.c.o
 .text.altcp_tcp_nagle_disable
                0x10008b5c       0x1c CMakeFiles/GardenGuard.dir/__/_deps/pico_sdk-src/lib/lwip/src/core/altcp_tcp.c.o
 .text.altcp_tcp_connected
                0x10008b78       0x38 CMakeFiles/GardenGuard.dir/__/_deps/pico_sdk-src/lib/lwip/src/core/altcp_tcp.c.o
 .text.altcp_tcp_poll
                0x10008bb0       0x38 CMakeFiles/GardenGuard.dir/__/_deps/pico_sdk-src/lib/lwip/src/core/altcp_tcp.c.o
 .text.altcp_tcp_recv
                0x10008be8       0x44 CMakeFiles/GardenGuard.dir/__/_deps/pico_sdk-src/lib/lwip/src/core/altcp_tcp.c.o
 .text.altcp_tcp_setprio
                0x10008c2c       0x18 CMakeFiles/GardenGuard.dir/__/_deps/pico_sdk-src/lib/lwip/src/core/altcp_tcp.c.o
 .text.altcp_tcp_set_poll
                0x10008c44       0x20 CMakeFiles/GardenGuard.dir/__/_deps/pico_sdk-src/lib/lwip/src/core/altcp_tcp.c.o
 .text.altcp_tcp_abort
                0x10008c64       0x1c CMakeFiles/GardenGuard.dir/__/_deps/pico_sdk-src/lib/lwip/src/core/altcp_tcp.c.o
 .text.altcp_tcp_recved
                0x10008c80       0x18 CMakeFiles/GardenGuard.dir/__/_deps/pico_sdk-src/lib/lwip/src/core/altcp_tcp.c.o
 .text.altcp_tcp_accept
                0x10008c98       0x7c CMakeFiles/GardenGuard.dir/__/_deps/pico_sdk-src/lib/lwip/src/core/altcp_tcp.c.o
 .text.altcp_tcp_new_ip_type
                0x10008d14       0x60 CMakeFiles/GardenGuard.dir/__/_deps/pico_sdk-src/lib/lwip/src/core/altcp_tcp.c.o
                0x10008d14                altcp_tcp_new_ip_type
 .text.tcp_close_shutdown_fin
                0x10008d74       0x50 CMakeFiles/GardenGuard.dir/__/_deps/pico_sdk-src/lib/lwip/src/core/tcp.c.o
 .text.tcp_pcb_purge.part.0
                0x10008dc4       0xb0 CMakeFiles/GardenGuard.dir/__/_deps/pico_sdk-src/lib/lwip/src/core/tcp.c.o
 .text.tcp_init
                0x10008e74       0x18 CMakeFiles/GardenGuard.dir/__/_deps/pico_sdk-src/lib/lwip/src/core/tcp.c.o
                0x10008e74                tcp_init
 .text.tcp_free
                0x10008e8c       0x20 CMakeFiles/GardenGuard.dir/__/_deps/pico_sdk-src/lib/lwip/src/core/tcp.c.o
                0x10008e8c                tcp_free
 .text.tcp_bind
                0x10008eac       0xe4 CMakeFiles/GardenGuard.dir/__/_deps/pico_sdk-src/lib/lwip/src/core/tcp.c.o
                0x10008eac                tcp_bind
 .text.tcp_listen_with_backlog_and_err
                0x10008f90       0xd0 CMakeFiles/GardenGuard.dir/__/_deps/pico_sdk-src/lib/lwip/src/core/tcp.c.o
                0x10008f90                tcp_listen_with_backlog_and_err
 .text.tcp_update_rcv_ann_wnd
                0x10009060       0x58 CMakeFiles/GardenGuard.dir/__/_deps/pico_sdk-src/lib/lwip/src/core/tcp.c.o
                0x10009060                tcp_update_rcv_ann_wnd
 .text.tcp_recved
                0x100090b8       0x98 CMakeFiles/GardenGuard.dir/__/_deps/pico_sdk-src/lib/lwip/src/core/tcp.c.o
                0x100090b8                tcp_recved
 .text.tcp_connect
                0x10009150      0x1a8 CMakeFiles/GardenGuard.dir/__/_deps/pico_sdk-src/lib/lwip/src/core/tcp.c.o
                0x10009150                tcp_connect
 .text.tcp_slowtmr
                0x100092f8      0x500 CMakeFiles/GardenGuard.dir/__/_deps/pico_sdk-src/lib/lwip/src/core/tcp.c.o
                0x100092f8                tcp_slowtmr
 .text.tcp_segs_free
                0x100097f8       0x34 CMakeFiles/GardenGuard.dir/__/_deps/pico_sdk-src/lib/lwip/src/core/tcp.c.o
                0x100097f8                tcp_segs_free
 .text.tcp_seg_free
                0x1000982c       0x1c CMakeFiles/GardenGuard.dir/__/_deps/pico_sdk-src/lib/lwip/src/core/tcp.c.o
                0x1000982c                tcp_seg_free
 .text.tcp_setprio
                0x10009848       0x10 CMakeFiles/GardenGuard.dir/__/_deps/pico_sdk-src/lib/lwip/src/core/tcp.c.o
                0x10009848                tcp_setprio
 .text.tcp_seg_copy
                0x10009858       0x38 CMakeFiles/GardenGuard.dir/__/_deps/pico_sdk-src/lib/lwip/src/core/tcp.c.o
                0x10009858                tcp_seg_copy
 .text.tcp_arg  0x10009890        0x8 CMakeFiles/GardenGuard.dir/__/_deps/pico_sdk-src/lib/lwip/src/core/tcp.c.o
                0x10009890                tcp_arg
 .text.tcp_recv
                0x10009898       0x1c CMakeFiles/GardenGuard.dir/__/_deps/pico_sdk-src/lib/lwip/src/core/tcp.c.o
                0x10009898                tcp_recv
 .text.tcp_sent
                0x100098b4       0x1c CMakeFiles/GardenGuard.dir/__/_deps/pico_sdk-src/lib/lwip/src/core/tcp.c.o
                0x100098b4                tcp_sent
 .text.tcp_err  0x100098d0       0x1c CMakeFiles/GardenGuard.dir/__/_deps/pico_sdk-src/lib/lwip/src/core/tcp.c.o
                0x100098d0                tcp_err
 .text.tcp_accept
                0x100098ec        0xc CMakeFiles/GardenGuard.dir/__/_deps/pico_sdk-src/lib/lwip/src/core/tcp.c.o
                0x100098ec                tcp_accept
 .text.tcp_poll
                0x100098f8       0x28 CMakeFiles/GardenGuard.dir/__/_deps/pico_sdk-src/lib/lwip/src/core/tcp.c.o
                0x100098f8                tcp_poll
 .text.tcp_pcb_purge
                0x10009920       0x1c CMakeFiles/GardenGuard.dir/__/_deps/pico_sdk-src/lib/lwip/src/core/tcp.c.o
                0x10009920                tcp_pcb_purge
 .text.tcp_pcb_remove
                0x1000993c       0xd4 CMakeFiles/GardenGuard.dir/__/_deps/pico_sdk-src/lib/lwip/src/core/tcp.c.o
                0x1000993c                tcp_pcb_remove
 .text.tcp_abandon
                0x10009a10      0x190 CMakeFiles/GardenGuard.dir/__/_deps/pico_sdk-src/lib/lwip/src/core/tcp.c.o
                0x10009a10                tcp_abandon
 .text.tcp_abort
                0x10009ba0        0x8 CMakeFiles/GardenGuard.dir/__/_deps/pico_sdk-src/lib/lwip/src/core/tcp.c.o
                0x10009ba0                tcp_abort
 .text.tcp_accept_null
                0x10009ba8       0x1c CMakeFiles/GardenGuard.dir/__/_deps/pico_sdk-src/lib/lwip/src/core/tcp.c.o
 .text.tcp_alloc
                0x10009bc4      0x1a0 CMakeFiles/GardenGuard.dir/__/_deps/pico_sdk-src/lib/lwip/src/core/tcp.c.o
                0x10009bc4                tcp_alloc
 .text.tcp_new_ip_type
                0x10009d64        0x8 CMakeFiles/GardenGuard.dir/__/_deps/pico_sdk-src/lib/lwip/src/core/tcp.c.o
                0x10009d64                tcp_new_ip_type
 .text.tcp_close_shutdown
                0x10009d6c      0x184 CMakeFiles/GardenGuard.dir/__/_deps/pico_sdk-src/lib/lwip/src/core/tcp.c.o
 .text.tcp_shutdown
                0x10009ef0       0x64 CMakeFiles/GardenGuard.dir/__/_deps/pico_sdk-src/lib/lwip/src/core/tcp.c.o
                0x10009ef0                tcp_shutdown
 .text.tcp_recv_null
                0x10009f54       0xc8 CMakeFiles/GardenGuard.dir/__/_deps/pico_sdk-src/lib/lwip/src/core/tcp.c.o
                0x10009f54                tcp_recv_null
 .text.tcp_process_refused_data
                0x1000a01c       0x74 CMakeFiles/GardenGuard.dir/__/_deps/pico_sdk-src/lib/lwip/src/core/tcp.c.o
                0x1000a01c                tcp_process_refused_data
 .text.tcp_fasttmr
                0x1000a090       0x84 CMakeFiles/GardenGuard.dir/__/_deps/pico_sdk-src/lib/lwip/src/core/tcp.c.o
                0x1000a090                tcp_fasttmr
 .text.tcp_tmr  0x1000a114       0x24 CMakeFiles/GardenGuard.dir/__/_deps/pico_sdk-src/lib/lwip/src/core/tcp.c.o
                0x1000a114                tcp_tmr
 .text.tcp_close
                0x1000a138      0x178 CMakeFiles/GardenGuard.dir/__/_deps/pico_sdk-src/lib/lwip/src/core/tcp.c.o
                0x1000a138                tcp_close
 .text.tcp_next_iss
                0x1000a2b0       0x24 CMakeFiles/GardenGuard.dir/__/_deps/pico_sdk-src/lib/lwip/src/core/tcp.c.o
                0x1000a2b0                tcp_next_iss
 .text.tcp_eff_send_mss_netif
                0x1000a2d4       0x28 CMakeFiles/GardenGuard.dir/__/_deps/pico_sdk-src/lib/lwip/src/core/tcp.c.o
                0x1000a2d4                tcp_eff_send_mss_netif
 .text.tcp_netif_ip_addr_changed
                0x1000a2fc       0x94 CMakeFiles/GardenGuard.dir/__/_deps/pico_sdk-src/lib/lwip/src/core/tcp.c.o
                0x1000a2fc                tcp_netif_ip_addr_changed
 .text.tcp_tcp_get_tcp_addrinfo
                0x1000a390       0x2c CMakeFiles/GardenGuard.dir/__/_deps/pico_sdk-src/lib/lwip/src/core/tcp.c.o
                0x1000a390                tcp_tcp_get_tcp_addrinfo
 .text.tcp_free_ooseq
                0x1000a3bc       0x38 CMakeFiles/GardenGuard.dir/__/_deps/pico_sdk-src/lib/lwip/src/core/tcp.c.o
                0x1000a3bc                tcp_free_ooseq
 .text.tcp_parseopt
                0x1000a3f4      0x1b0 CMakeFiles/GardenGuard.dir/__/_deps/pico_sdk-src/lib/lwip/src/core/tcp_in.c.o
 .text.tcp_oos_insert_segment
                0x1000a5a4       0x98 CMakeFiles/GardenGuard.dir/__/_deps/pico_sdk-src/lib/lwip/src/core/tcp_in.c.o
 .text.tcp_free_acked_segments.isra.0
                0x1000a63c       0xb0 CMakeFiles/GardenGuard.dir/__/_deps/pico_sdk-src/lib/lwip/src/core/tcp_in.c.o
 .text.tcp_receive
                0x1000a6ec      0x8c4 CMakeFiles/GardenGuard.dir/__/_deps/pico_sdk-src/lib/lwip/src/core/tcp_in.c.o
 .text.tcp_input
                0x1000afb0      0xbb0 CMakeFiles/GardenGuard.dir/__/_deps/pico_sdk-src/lib/lwip/src/core/tcp_in.c.o
                0x1000afb0                tcp_input
 .text.tcp_trigger_input_pcb_close
                0x1000bb60       0x10 CMakeFiles/GardenGuard.dir/__/_deps/pico_sdk-src/lib/lwip/src/core/tcp_in.c.o
                0x1000bb60                tcp_trigger_input_pcb_close
 .text.tcp_create_segment
                0x1000bb70       0xc8 CMakeFiles/GardenGuard.dir/__/_deps/pico_sdk-src/lib/lwip/src/core/tcp_out.c.o
 .text.tcp_output_control_segment
                0x1000bc38       0xa8 CMakeFiles/GardenGuard.dir/__/_deps/pico_sdk-src/lib/lwip/src/core/tcp_out.c.o
 .text.tcp_output_alloc_header.constprop.0
                0x1000bce0       0x8c CMakeFiles/GardenGuard.dir/__/_deps/pico_sdk-src/lib/lwip/src/core/tcp_out.c.o
 .text.tcp_write
                0x1000bd6c      0x7e8 CMakeFiles/GardenGuard.dir/__/_deps/pico_sdk-src/lib/lwip/src/core/tcp_out.c.o
                0x1000bd6c                tcp_write
 .text.tcp_split_unsent_seg
                0x1000c554      0x168 CMakeFiles/GardenGuard.dir/__/_deps/pico_sdk-src/lib/lwip/src/core/tcp_out.c.o
                0x1000c554                tcp_split_unsent_seg
 .text.tcp_send_fin
                0x1000c6bc       0xec CMakeFiles/GardenGuard.dir/__/_deps/pico_sdk-src/lib/lwip/src/core/tcp_out.c.o
                0x1000c6bc                tcp_send_fin
 .text.tcp_enqueue_flags
                0x1000c7a8       0xe4 CMakeFiles/GardenGuard.dir/__/_deps/pico_sdk-src/lib/lwip/src/core/tcp_out.c.o
                0x1000c7a8                tcp_enqueue_flags
 .text.tcp_rexmit_rto_prepare
                0x1000c88c       0x80 CMakeFiles/GardenGuard.dir/__/_deps/pico_sdk-src/lib/lwip/src/core/tcp_out.c.o
                0x1000c88c                tcp_rexmit_rto_prepare
 .text.tcp_rexmit
                0x1000c90c       0x78 CMakeFiles/GardenGuard.dir/__/_deps/pico_sdk-src/lib/lwip/src/core/tcp_out.c.o
                0x1000c90c                tcp_rexmit
 .text.tcp_rexmit_fast
                0x1000c984       0x64 CMakeFiles/GardenGuard.dir/__/_deps/pico_sdk-src/lib/lwip/src/core/tcp_out.c.o
                0x1000c984                tcp_rexmit_fast
 .text.tcp_rst  0x1000c9e8       0xb4 CMakeFiles/GardenGuard.dir/__/_deps/pico_sdk-src/lib/lwip/src/core/tcp_out.c.o
                0x1000c9e8                tcp_rst
 .text.tcp_rst_netif
                0x1000ca9c       0xec CMakeFiles/GardenGuard.dir/__/_deps/pico_sdk-src/lib/lwip/src/core/tcp_out.c.o
                0x1000ca9c                tcp_rst_netif
 .text.tcp_send_empty_ack
                0x1000cb88       0x50 CMakeFiles/GardenGuard.dir/__/_deps/pico_sdk-src/lib/lwip/src/core/tcp_out.c.o
                0x1000cb88                tcp_send_empty_ack
 .text.tcp_output
                0x1000cbd8      0x38c CMakeFiles/GardenGuard.dir/__/_deps/pico_sdk-src/lib/lwip/src/core/tcp_out.c.o
                0x1000cbd8                tcp_output
 .text.tcp_rexmit_rto_commit
                0x1000cf64       0x24 CMakeFiles/GardenGuard.dir/__/_deps/pico_sdk-src/lib/lwip/src/core/tcp_out.c.o
                0x1000cf64                tcp_rexmit_rto_commit
 .text.tcp_rexmit_rto
                0x1000cf88       0x90 CMakeFiles/GardenGuard.dir/__/_deps/pico_sdk-src/lib/lwip/src/core/tcp_out.c.o
                0x1000cf88                tcp_rexmit_rto
 .text.tcp_keepalive
                0x1000d018       0xa8 CMakeFiles/GardenGuard.dir/__/_deps/pico_sdk-src/lib/lwip/src/core/tcp_out.c.o
                0x1000d018                tcp_keepalive
 .text.tcp_zero_window_probe
                0x1000d0c0       0xc4 CMakeFiles/GardenGuard.dir/__/_deps/pico_sdk-src/lib/lwip/src/core/tcp_out.c.o
                0x1000d0c0                tcp_zero_window_probe
 .text.tcpip_tcp_timer
                0x1000d184       0x70 CMakeFiles/GardenGuard.dir/__/_deps/pico_sdk-src/lib/lwip/src/core/timeouts.c.o
 .text.lwip_cyclic_timer
                0x1000d1f4       0x90 CMakeFiles/GardenGuard.dir/__/_deps/pico_sdk-src/lib/lwip/src/core/timeouts.c.o
 .text.tcp_timer_needed
                0x1000d284       0x74 CMakeFiles/GardenGuard.dir/__/_deps/pico_sdk-src/lib/lwip/src/core/timeouts.c.o
                0x1000d284                tcp_timer_needed
 .text.sys_timeouts_init
                0x1000d2f8       0x90 CMakeFiles/GardenGuard.dir/__/_deps/pico_sdk-src/lib/lwip/src/core/timeouts.c.o
                0x1000d2f8                sys_timeouts_init
 .text.sys_timeout
                0x1000d388       0x5c CMakeFiles/GardenGuard.dir/__/_deps/pico_sdk-src/lib/lwip/src/core/timeouts.c.o
                0x1000d388                sys_timeout
 .text.sys_untimeout
                0x1000d3e4       0x3c CMakeFiles/GardenGuard.dir/__/_deps/pico_sdk-src/lib/lwip/src/core/timeouts.c.o
                0x1000d3e4                sys_untimeout
 .text.sys_check_timeouts
                0x1000d420       0x5c CMakeFiles/GardenGuard.dir/__/_deps/pico_sdk-src/lib/lwip/src/core/timeouts.c.o
                0x1000d420                sys_check_timeouts
 .text.sys_timeouts_sleeptime
                0x1000d47c       0x24 CMakeFiles/GardenGuard.dir/__/_deps/pico_sdk-src/lib/lwip/src/core/timeouts.c.o
                0x1000d47c                sys_timeouts_sleeptime
 .text.udp_init
                0x1000d4a0       0x18 CMakeFiles/GardenGuard.dir/__/_deps/pico_sdk-src/lib/lwip/src/core/udp.c.o
                0x1000d4a0                udp_init
 .text.udp_input
                0x1000d4b8      0x250 CMakeFiles/GardenGuard.dir/__/_deps/pico_sdk-src/lib/lwip/src/core/udp.c.o
                0x1000d4b8                udp_input
 .text.udp_bind
                0x1000d708      0x110 CMakeFiles/GardenGuard.dir/__/_deps/pico_sdk-src/lib/lwip/src/core/udp.c.o
                0x1000d708                udp_bind
 .text.udp_sendto_if_src
                0x1000d818      0x144 CMakeFiles/GardenGuard.dir/__/_deps/pico_sdk-src/lib/lwip/src/core/udp.c.o
                0x1000d818                udp_sendto_if_src
 .text.udp_sendto_if
                0x1000d95c       0x70 CMakeFiles/GardenGuard.dir/__/_deps/pico_sdk-src/lib/lwip/src/core/udp.c.o
                0x1000d95c                udp_sendto_if
 .text.udp_sendto
                0x1000d9cc       0x88 CMakeFiles/GardenGuard.dir/__/_deps/pico_sdk-src/lib/lwip/src/core/udp.c.o
                0x1000d9cc                udp_sendto
 .text.udp_connect
                0x1000da54       0x6c CMakeFiles/GardenGuard.dir/__/_deps/pico_sdk-src/lib/lwip/src/core/udp.c.o
                0x1000da54                udp_connect
 .text.udp_recv
                0x1000dac0       0x14 CMakeFiles/GardenGuard.dir/__/_deps/pico_sdk-src/lib/lwip/src/core/udp.c.o
                0x1000dac0                udp_recv
 .text.udp_remove
                0x1000dad4       0x3c CMakeFiles/GardenGuard.dir/__/_deps/pico_sdk-src/lib/lwip/src/core/udp.c.o
                0x1000dad4                udp_remove
 .text.udp_new  0x1000db10       0x1c CMakeFiles/GardenGuard.dir/__/_deps/pico_sdk-src/lib/lwip/src/core/udp.c.o
                0x1000db10                udp_new
 .text.udp_netif_ip_addr_changed
                0x1000db2c       0x3c CMakeFiles/GardenGuard.dir/__/_deps/pico_sdk-src/lib/lwip/src/core/udp.c.o
                0x1000db2c                udp_netif_ip_addr_changed
 .text.dhcp_create_msg
                0x1000db68      0x118 CMakeFiles/GardenGuard.dir/__/_deps/pico_sdk-src/lib/lwip/src/core/ipv4/dhcp.c.o
 .text.dhcp_inc_pcb_refcount
                0x1000dc80       0x64 CMakeFiles/GardenGuard.dir/__/_deps/pico_sdk-src/lib/lwip/src/core/ipv4/dhcp.c.o
 .text.dhcp_bind
                0x1000dce4      0x138 CMakeFiles/GardenGuard.dir/__/_deps/pico_sdk-src/lib/lwip/src/core/ipv4/dhcp.c.o
 .text.dhcp_option_hostname.isra.0
                0x1000de1c       0x88 CMakeFiles/GardenGuard.dir/__/_deps/pico_sdk-src/lib/lwip/src/core/ipv4/dhcp.c.o
 .text.dhcp_handle_ack.isra.0
                0x1000dea4       0xbc CMakeFiles/GardenGuard.dir/__/_deps/pico_sdk-src/lib/lwip/src/core/ipv4/dhcp.c.o
 .text.dhcp_reboot.isra.0
                0x1000df60      0x19c CMakeFiles/GardenGuard.dir/__/_deps/pico_sdk-src/lib/lwip/src/core/ipv4/dhcp.c.o
 .text.dhcp_discover
                0x1000e0fc      0x144 CMakeFiles/GardenGuard.dir/__/_deps/pico_sdk-src/lib/lwip/src/core/ipv4/dhcp.c.o
 .text.dhcp_select.isra.0
                0x1000e240      0x218 CMakeFiles/GardenGuard.dir/__/_deps/pico_sdk-src/lib/lwip/src/core/ipv4/dhcp.c.o
 .text.dhcp_recv
                0x1000e458      0x5b4 CMakeFiles/GardenGuard.dir/__/_deps/pico_sdk-src/lib/lwip/src/core/ipv4/dhcp.c.o
 .text.dhcp_set_struct
                0x1000ea0c       0x3c CMakeFiles/GardenGuard.dir/__/_deps/pico_sdk-src/lib/lwip/src/core/ipv4/dhcp.c.o
                0x1000ea0c                dhcp_set_struct
 .text.dhcp_network_changed_link_up
                0x1000ea48       0x40 CMakeFiles/GardenGuard.dir/__/_deps/pico_sdk-src/lib/lwip/src/core/ipv4/dhcp.c.o
                0x1000ea48                dhcp_network_changed_link_up
 .text.dhcp_renew
                0x1000ea88      0x154 CMakeFiles/GardenGuard.dir/__/_deps/pico_sdk-src/lib/lwip/src/core/ipv4/dhcp.c.o
                0x1000ea88                dhcp_renew
 .text.dhcp_release_and_stop
                0x1000ebdc      0x158 CMakeFiles/GardenGuard.dir/__/_deps/pico_sdk-src/lib/lwip/src/core/ipv4/dhcp.c.o
                0x1000ebdc                dhcp_release_and_stop
 .text.dhcp_start
                0x1000ed34       0xc4 CMakeFiles/GardenGuard.dir/__/_deps/pico_sdk-src/lib/lwip/src/core/ipv4/dhcp.c.o
                0x1000ed34                dhcp_start
 .text.dhcp_coarse_tmr
                0x1000edf8      0x1e4 CMakeFiles/GardenGuard.dir/__/_deps/pico_sdk-src/lib/lwip/src/core/ipv4/dhcp.c.o
                0x1000edf8                dhcp_coarse_tmr
 .text.dhcp_fine_tmr
                0x1000efdc       0xa0 CMakeFiles/GardenGuard.dir/__/_deps/pico_sdk-src/lib/lwip/src/core/ipv4/dhcp.c.o
                0x1000efdc                dhcp_fine_tmr
 .text.dhcp_stop
                0x1000f07c      0x158 CMakeFiles/GardenGuard.dir/__/_deps/pico_sdk-src/lib/lwip/src/core/ipv4/dhcp.c.o
                0x1000f07c                dhcp_stop
 .text.etharp_find_entry
                0x1000f1d4      0x400 CMakeFiles/GardenGuard.dir/__/_deps/pico_sdk-src/lib/lwip/src/core/ipv4/etharp.c.o
 .text.etharp_raw
                0x1000f5d4       0xbc CMakeFiles/GardenGuard.dir/__/_deps/pico_sdk-src/lib/lwip/src/core/ipv4/etharp.c.o
 .text.etharp_output_to_arp_index
                0x1000f690       0xbc CMakeFiles/GardenGuard.dir/__/_deps/pico_sdk-src/lib/lwip/src/core/ipv4/etharp.c.o
 .text.etharp_tmr
                0x1000f74c       0x9c CMakeFiles/GardenGuard.dir/__/_deps/pico_sdk-src/lib/lwip/src/core/ipv4/etharp.c.o
                0x1000f74c                etharp_tmr
 .text.etharp_cleanup_netif
                0x1000f7e8      0x264 CMakeFiles/GardenGuard.dir/__/_deps/pico_sdk-src/lib/lwip/src/core/ipv4/etharp.c.o
                0x1000f7e8                etharp_cleanup_netif
 .text.etharp_input
                0x1000fa4c      0x14c CMakeFiles/GardenGuard.dir/__/_deps/pico_sdk-src/lib/lwip/src/core/ipv4/etharp.c.o
                0x1000fa4c                etharp_input
 .text.etharp_query
                0x1000fb98      0x184 CMakeFiles/GardenGuard.dir/__/_deps/pico_sdk-src/lib/lwip/src/core/ipv4/etharp.c.o
                0x1000fb98                etharp_query
 .text.etharp_output
                0x1000fd1c      0x218 CMakeFiles/GardenGuard.dir/__/_deps/pico_sdk-src/lib/lwip/src/core/ipv4/etharp.c.o
                0x1000fd1c                etharp_output
 .text.etharp_request
                0x1000ff34       0xb8 CMakeFiles/GardenGuard.dir/__/_deps/pico_sdk-src/lib/lwip/src/core/ipv4/etharp.c.o
                0x1000ff34                etharp_request
 .text.icmp_input
                0x1000ffec      0x14c CMakeFiles/GardenGuard.dir/__/_deps/pico_sdk-src/lib/lwip/src/core/ipv4/icmp.c.o
                0x1000ffec                icmp_input
 .text.icmp_dest_unreach